Archive member included because of file (symbol)

C:/Freescale/CW MCU v10.6/MCU/ARM_GCC_Support/ewl/lib/armv6-m\libc.a(exit.o)
                              ./Project_Settings/Startup_Code/__arm_start.o (exit)
C:/Freescale/CW MCU v10.6/MCU/ARM_GCC_Support/ewl/lib/armv6-m\libc.a(memset.o)
                              ./Project_Settings/Startup_Code/__arm_start.o (memset)
C:/Freescale/CW MCU v10.6/MCU/ARM_GCC_Support/ewl/lib/armv6-m\libc.a(printformat_.o)
                              (__pformatter_)
C:/Freescale/CW MCU v10.6/MCU/ARM_GCC_Support/ewl/lib/armv6-m\libc.a(scanformat_.o)
                              (__sformatter)
C:/Freescale/CW MCU v10.6/MCU/ARM_GCC_Support/ewl/lib/armv6-m\libc.a(ctype_aeabi.o)
                              C:/Freescale/CW MCU v10.6/MCU/ARM_GCC_Support/ewl/lib/armv6-m\libc.a(scanformat_.o) (isspace)
C:/Freescale/CW MCU v10.6/MCU/ARM_GCC_Support/ewl/lib/armv6-m\libc.a(__strtoul.o)
                              C:/Freescale/CW MCU v10.6/MCU/ARM_GCC_Support/ewl/lib/armv6-m\libc.a(scanformat_.o) (__strtoul)
C:/Freescale/CW MCU v10.6/MCU/ARM_GCC_Support/ewl/lib/armv6-m\libc.a(__filll_mem.o)
                              C:/Freescale/CW MCU v10.6/MCU/ARM_GCC_Support/ewl/lib/armv6-m\libc.a(memset.o) (__fill_mem)
C:/Freescale/CW MCU v10.6/MCU/ARM_GCC_Support/ewl/lib/armv6-m\libc.a(memchr.o)
                              C:/Freescale/CW MCU v10.6/MCU/ARM_GCC_Support/ewl/lib/armv6-m\libc.a(printformat_.o) (memchr)
C:/Freescale/CW MCU v10.6/MCU/ARM_GCC_Support/ewl/lib/armv6-m\libc.a(memcpy.o)
                              C:/Freescale/CW MCU v10.6/MCU/ARM_GCC_Support/ewl/lib/armv6-m\libc.a(scanformat_.o) (memcpy)
C:/Freescale/CW MCU v10.6/MCU/ARM_GCC_Support/ewl/lib/armv6-m\libc.a(strchr.o)
                              C:/Freescale/CW MCU v10.6/MCU/ARM_GCC_Support/ewl/lib/armv6-m\libc.a(printformat_.o) (strchr)
C:/Freescale/CW MCU v10.6/MCU/ARM_GCC_Support/ewl/lib/armv6-m\libc.a(strlen.o)
                              C:/Freescale/CW MCU v10.6/MCU/ARM_GCC_Support/ewl/lib/armv6-m\libc.a(printformat_.o) (strlen)
c:/freescale/cw mcu v10.6/cross_tools/arm-none-eabi-gcc-4_7_3/bin/../lib/gcc/arm-none-eabi/4.7.3/armv6-m\libgcc.a(_thumb1_case_sqi.o)
                              C:/Freescale/CW MCU v10.6/MCU/ARM_GCC_Support/ewl/lib/armv6-m\libc.a(__strtoul.o) (__gnu_thumb1_case_sqi)
c:/freescale/cw mcu v10.6/cross_tools/arm-none-eabi-gcc-4_7_3/bin/../lib/gcc/arm-none-eabi/4.7.3/armv6-m\libgcc.a(_thumb1_case_uqi.o)
                              C:/Freescale/CW MCU v10.6/MCU/ARM_GCC_Support/ewl/lib/armv6-m\libc.a(scanformat_.o) (__gnu_thumb1_case_uqi)
c:/freescale/cw mcu v10.6/cross_tools/arm-none-eabi-gcc-4_7_3/bin/../lib/gcc/arm-none-eabi/4.7.3/armv6-m\libgcc.a(_udivsi3.o)
                              C:/Freescale/CW MCU v10.6/MCU/ARM_GCC_Support/ewl/lib/armv6-m\libc.a(printformat_.o) (__aeabi_uidiv)
c:/freescale/cw mcu v10.6/cross_tools/arm-none-eabi-gcc-4_7_3/bin/../lib/gcc/arm-none-eabi/4.7.3/armv6-m\libgcc.a(_dvmd_tls.o)
                              c:/freescale/cw mcu v10.6/cross_tools/arm-none-eabi-gcc-4_7_3/bin/../lib/gcc/arm-none-eabi/4.7.3/armv6-m\libgcc.a(_udivsi3.o) (__aeabi_idiv0)
c:/freescale/cw mcu v10.6/cross_tools/arm-none-eabi-gcc-4_7_3/bin/../lib/gcc/arm-none-eabi/4.7.3/armv6-m\libgcc.a(_arm_cmpsf2.o)
                              ./Generated_Code/PwmLdd1.o (__aeabi_fcmpgt)
c:/freescale/cw mcu v10.6/cross_tools/arm-none-eabi-gcc-4_7_3/bin/../lib/gcc/arm-none-eabi/4.7.3/armv6-m\libgcc.a(_fixunssfsi.o)
                              ./Generated_Code/PwmLdd1.o (__aeabi_f2uiz)
c:/freescale/cw mcu v10.6/cross_tools/arm-none-eabi-gcc-4_7_3/bin/../lib/gcc/arm-none-eabi/4.7.3/armv6-m\libgcc.a(eqsf2.o)
                              c:/freescale/cw mcu v10.6/cross_tools/arm-none-eabi-gcc-4_7_3/bin/../lib/gcc/arm-none-eabi/4.7.3/armv6-m\libgcc.a(_arm_cmpsf2.o) (__eqsf2)
c:/freescale/cw mcu v10.6/cross_tools/arm-none-eabi-gcc-4_7_3/bin/../lib/gcc/arm-none-eabi/4.7.3/armv6-m\libgcc.a(gesf2.o)
                              c:/freescale/cw mcu v10.6/cross_tools/arm-none-eabi-gcc-4_7_3/bin/../lib/gcc/arm-none-eabi/4.7.3/armv6-m\libgcc.a(_arm_cmpsf2.o) (__gesf2)
c:/freescale/cw mcu v10.6/cross_tools/arm-none-eabi-gcc-4_7_3/bin/../lib/gcc/arm-none-eabi/4.7.3/armv6-m\libgcc.a(lesf2.o)
                              c:/freescale/cw mcu v10.6/cross_tools/arm-none-eabi-gcc-4_7_3/bin/../lib/gcc/arm-none-eabi/4.7.3/armv6-m\libgcc.a(_arm_cmpsf2.o) (__lesf2)
c:/freescale/cw mcu v10.6/cross_tools/arm-none-eabi-gcc-4_7_3/bin/../lib/gcc/arm-none-eabi/4.7.3/armv6-m\libgcc.a(mulsf3.o)
                              ./Generated_Code/PwmLdd1.o (__aeabi_fmul)
c:/freescale/cw mcu v10.6/cross_tools/arm-none-eabi-gcc-4_7_3/bin/../lib/gcc/arm-none-eabi/4.7.3/armv6-m\libgcc.a(subsf3.o)
                              c:/freescale/cw mcu v10.6/cross_tools/arm-none-eabi-gcc-4_7_3/bin/../lib/gcc/arm-none-eabi/4.7.3/armv6-m\libgcc.a(_fixunssfsi.o) (__aeabi_fsub)
c:/freescale/cw mcu v10.6/cross_tools/arm-none-eabi-gcc-4_7_3/bin/../lib/gcc/arm-none-eabi/4.7.3/armv6-m\libgcc.a(fixsfsi.o)
                              c:/freescale/cw mcu v10.6/cross_tools/arm-none-eabi-gcc-4_7_3/bin/../lib/gcc/arm-none-eabi/4.7.3/armv6-m\libgcc.a(_fixunssfsi.o) (__aeabi_f2iz)
c:/freescale/cw mcu v10.6/cross_tools/arm-none-eabi-gcc-4_7_3/bin/../lib/gcc/arm-none-eabi/4.7.3/armv6-m\libgcc.a(floatsisf.o)
                              ./Generated_Code/PwmLdd1.o (__aeabi_i2f)
c:/freescale/cw mcu v10.6/cross_tools/arm-none-eabi-gcc-4_7_3/bin/../lib/gcc/arm-none-eabi/4.7.3/armv6-m\libgcc.a(_clzsi2.o)
                              c:/freescale/cw mcu v10.6/cross_tools/arm-none-eabi-gcc-4_7_3/bin/../lib/gcc/arm-none-eabi/4.7.3/armv6-m\libgcc.a(mulsf3.o) (__clzsi2)
C:/Freescale/CW MCU v10.6/MCU/ARM_GCC_Support/ewl/lib/armv6-m\librt.a(gcc_ctor_dtor.o)
                              ./Project_Settings/Startup_Code/__arm_start.o (__init_cpp)
C:/Freescale/CW MCU v10.6/MCU/ARM_GCC_Support/ewl/lib/armv6-m\librt.a(ROMCopy.o)
                              ./Project_Settings/Startup_Code/__arm_start.o (__copy_rom_sections_to_ram)
C:/Freescale/CW MCU v10.6/MCU/ARM_GCC_Support/ewl/lib/armv6-m\librt.a(__arm_eabi_init.o)
                              C:/Freescale/CW MCU v10.6/MCU/ARM_GCC_Support/ewl/lib/armv6-m\libc.a(exit.o) (__destroy_global_chain)

Allocating common symbols
Common symbol       size              file

AD1_OutV            0x2               ./Generated_Code/AD1.o
AdcLdd1_DeviceDataPtr
                    0x4               ./Generated_Code/AD1.o
SR_reg              0x1               ./Generated_Code/Cpu.o

Discarded input sections

 .text          0x00000000        0x0 ./Generated_Code/WAIT1.o
 .data          0x00000000        0x0 ./Generated_Code/WAIT1.o
 .bss           0x00000000        0x0 ./Generated_Code/WAIT1.o
 .text          0x00000000        0x0 ./Generated_Code/Vectors.o
 .data          0x00000000        0x0 ./Generated_Code/Vectors.o
 .bss           0x00000000        0x0 ./Generated_Code/Vectors.o
 .text          0x00000000        0x0 ./Generated_Code/TU1.o
 .data          0x00000000        0x0 ./Generated_Code/TU1.o
 .bss           0x00000000        0x0 ./Generated_Code/TU1.o
 .text.TU1_GetCounterValue
                0x00000000       0x1c ./Generated_Code/TU1.o
 .text.TU1_GetOffsetTicks
                0x00000000       0x64 ./Generated_Code/TU1.o
 .text.TU1_SelectOutputAction
                0x00000000      0x248 ./Generated_Code/TU1.o
 .text          0x00000000        0x0 ./Generated_Code/PwmLdd1.o
 .data          0x00000000        0x0 ./Generated_Code/PwmLdd1.o
 .bss           0x00000000        0x0 ./Generated_Code/PwmLdd1.o
 .text.PwmLdd1_SetDutyUS
                0x00000000       0x7c ./Generated_Code/PwmLdd1.o
 .text.PwmLdd1_SetDutyMS
                0x00000000       0x78 ./Generated_Code/PwmLdd1.o
 .text          0x00000000        0x0 ./Generated_Code/PWM1.o
 .data          0x00000000        0x0 ./Generated_Code/PWM1.o
 .bss           0x00000000        0x0 ./Generated_Code/PWM1.o
 .debug_info    0x00000000       0x76 ./Generated_Code/PWM1.o
 .debug_abbrev  0x00000000       0x28 ./Generated_Code/PWM1.o
 .debug_aranges
                0x00000000       0x18 ./Generated_Code/PWM1.o
 .debug_macinfo
                0x00000000    0x3011c ./Generated_Code/PWM1.o
 .debug_line    0x00000000      0x27a ./Generated_Code/PWM1.o
 .debug_str     0x00000000      0x128 ./Generated_Code/PWM1.o
 .comment       0x00000000       0x7a ./Generated_Code/PWM1.o
 .ARM.attributes
                0x00000000       0x31 ./Generated_Code/PWM1.o
 .text          0x00000000        0x0 ./Generated_Code/PTA.o
 .data          0x00000000        0x0 ./Generated_Code/PTA.o
 .bss           0x00000000        0x0 ./Generated_Code/PTA.o
 .text          0x00000000        0x0 ./Generated_Code/PE_LDD.o
 .data          0x00000000        0x0 ./Generated_Code/PE_LDD.o
 .bss           0x00000000        0x0 ./Generated_Code/PE_LDD.o
 .rodata.PE_CpuClockConfigurations
                0x00000000       0x28 ./Generated_Code/PE_LDD.o
 .text.PE_FillMemory
                0x00000000       0x28 ./Generated_Code/PE_LDD.o
 .text.PE_PeripheralUsed
                0x00000000       0x4c ./Generated_Code/PE_LDD.o
 .text.LDD_SetClockConfiguration
                0x00000000       0x14 ./Generated_Code/PE_LDD.o
 .text          0x00000000        0x0 ./Generated_Code/MCUC1.o
 .data          0x00000000        0x0 ./Generated_Code/MCUC1.o
 .bss           0x00000000        0x0 ./Generated_Code/MCUC1.o
 .debug_info    0x00000000       0x76 ./Generated_Code/MCUC1.o
 .debug_abbrev  0x00000000       0x28 ./Generated_Code/MCUC1.o
 .debug_aranges
                0x00000000       0x18 ./Generated_Code/MCUC1.o
 .debug_macinfo
                0x00000000    0x2dfdf ./Generated_Code/MCUC1.o
 .debug_line    0x00000000      0x219 ./Generated_Code/MCUC1.o
 .debug_str     0x00000000      0x129 ./Generated_Code/MCUC1.o
 .comment       0x00000000       0x7a ./Generated_Code/MCUC1.o
 .ARM.attributes
                0x00000000       0x31 ./Generated_Code/MCUC1.o
 .text          0x00000000        0x0 ./Generated_Code/Cpu.o
 .data          0x00000000        0x0 ./Generated_Code/Cpu.o
 .bss           0x00000000        0x0 ./Generated_Code/Cpu.o
 .bss.SR_lock   0x00000000        0x1 ./Generated_Code/Cpu.o
 COMMON         0x00000000        0x1 ./Generated_Code/Cpu.o
 .text          0x00000000        0x0 ./Generated_Code/Bit1.o
 .data          0x00000000        0x0 ./Generated_Code/Bit1.o
 .bss           0x00000000        0x0 ./Generated_Code/Bit1.o
 .text          0x00000000        0x0 ./Generated_Code/AdcLdd1.o
 .data          0x00000000        0x0 ./Generated_Code/AdcLdd1.o
 .bss           0x00000000        0x0 ./Generated_Code/AdcLdd1.o
 .text.AdcLdd1_CancelMeasurement
                0x00000000       0x28 ./Generated_Code/AdcLdd1.o
 .text.AdcLdd1_GetMeasurementCompleteStatus
                0x00000000       0x84 ./Generated_Code/AdcLdd1.o
 .text.AdcLdd1_StartCalibration
                0x00000000       0x44 ./Generated_Code/AdcLdd1.o
 .text          0x00000000        0x0 ./Generated_Code/AD1.o
 .data          0x00000000        0x0 ./Generated_Code/AD1.o
 .bss           0x00000000        0x0 ./Generated_Code/AD1.o
 .text.AD1_Calibrate
                0x00000000       0x80 ./Generated_Code/AD1.o
 .text          0x00000000        0x0 ./Project_Settings/Startup_Code/__arm_start.o
 .data          0x00000000        0x0 ./Project_Settings/Startup_Code/__arm_start.o
 .bss           0x00000000        0x0 ./Project_Settings/Startup_Code/__arm_start.o
 .text.__iar_program_start
                0x00000000        0x4 ./Project_Settings/Startup_Code/__arm_start.o
 .text          0x00000000        0x0 ./Project_Settings/Startup_Code/__arm_end.o
 .data          0x00000000        0x0 ./Project_Settings/Startup_Code/__arm_end.o
 .bss           0x00000000        0x0 ./Project_Settings/Startup_Code/__arm_end.o
 .text          0x00000000        0x0 ./Sources/sa_mtb.o
 .data          0x00000000        0x0 ./Sources/sa_mtb.o
 .bss           0x00000000        0x0 ./Sources/sa_mtb.o
 .debug_info    0x00000000       0x21 ./Sources/sa_mtb.o
 .debug_abbrev  0x00000000       0x12 ./Sources/sa_mtb.o
 .debug_aranges
                0x00000000       0x18 ./Sources/sa_mtb.o
 .debug_macinfo
                0x00000000     0x24d8 ./Sources/sa_mtb.o
 .debug_line    0x00000000       0xaa ./Sources/sa_mtb.o
 .debug_str     0x00000000       0x98 ./Sources/sa_mtb.o
 .comment       0x00000000       0x7a ./Sources/sa_mtb.o
 .ARM.attributes
                0x00000000       0x31 ./Sources/sa_mtb.o
 .text          0x00000000        0x0 ./Sources/main.o
 .data          0x00000000        0x0 ./Sources/main.o
 .bss           0x00000000        0x0 ./Sources/main.o
 .text          0x00000000        0x0 ./Sources/Events.o
 .data          0x00000000        0x0 ./Sources/Events.o
 .bss           0x00000000        0x0 ./Sources/Events.o
 .text          0x00000000        0x0 C:/Freescale/CW MCU v10.6/MCU/ARM_GCC_Support/ewl/lib/armv6-m\libc.a(exit.o)
 .data          0x00000000        0x0 C:/Freescale/CW MCU v10.6/MCU/ARM_GCC_Support/ewl/lib/armv6-m\libc.a(exit.o)
 .bss           0x00000000        0x0 C:/Freescale/CW MCU v10.6/MCU/ARM_GCC_Support/ewl/lib/armv6-m\libc.a(exit.o)
 .text          0x00000000        0x0 C:/Freescale/CW MCU v10.6/MCU/ARM_GCC_Support/ewl/lib/armv6-m\libc.a(memset.o)
 .data          0x00000000        0x0 C:/Freescale/CW MCU v10.6/MCU/ARM_GCC_Support/ewl/lib/armv6-m\libc.a(memset.o)
 .bss           0x00000000        0x0 C:/Freescale/CW MCU v10.6/MCU/ARM_GCC_Support/ewl/lib/armv6-m\libc.a(memset.o)
 .text          0x00000000        0x0 C:/Freescale/CW MCU v10.6/MCU/ARM_GCC_Support/ewl/lib/armv6-m\libc.a(printformat_.o)
 .data          0x00000000        0x0 C:/Freescale/CW MCU v10.6/MCU/ARM_GCC_Support/ewl/lib/armv6-m\libc.a(printformat_.o)
 .bss           0x00000000        0x0 C:/Freescale/CW MCU v10.6/MCU/ARM_GCC_Support/ewl/lib/armv6-m\libc.a(printformat_.o)
 .text          0x00000000        0x0 C:/Freescale/CW MCU v10.6/MCU/ARM_GCC_Support/ewl/lib/armv6-m\libc.a(scanformat_.o)
 .data          0x00000000        0x0 C:/Freescale/CW MCU v10.6/MCU/ARM_GCC_Support/ewl/lib/armv6-m\libc.a(scanformat_.o)
 .bss           0x00000000        0x0 C:/Freescale/CW MCU v10.6/MCU/ARM_GCC_Support/ewl/lib/armv6-m\libc.a(scanformat_.o)
 .text          0x00000000        0x0 C:/Freescale/CW MCU v10.6/MCU/ARM_GCC_Support/ewl/lib/armv6-m\libc.a(ctype_aeabi.o)
 .data          0x00000000        0x0 C:/Freescale/CW MCU v10.6/MCU/ARM_GCC_Support/ewl/lib/armv6-m\libc.a(ctype_aeabi.o)
 .bss           0x00000000        0x0 C:/Freescale/CW MCU v10.6/MCU/ARM_GCC_Support/ewl/lib/armv6-m\libc.a(ctype_aeabi.o)
 .text.isalnum  0x00000000       0x1c C:/Freescale/CW MCU v10.6/MCU/ARM_GCC_Support/ewl/lib/armv6-m\libc.a(ctype_aeabi.o)
 .text.iscntrl  0x00000000       0x20 C:/Freescale/CW MCU v10.6/MCU/ARM_GCC_Support/ewl/lib/armv6-m\libc.a(ctype_aeabi.o)
 .text.isdigit  0x00000000        0xe C:/Freescale/CW MCU v10.6/MCU/ARM_GCC_Support/ewl/lib/armv6-m\libc.a(ctype_aeabi.o)
 .text.isgraph  0x00000000       0x1c C:/Freescale/CW MCU v10.6/MCU/ARM_GCC_Support/ewl/lib/armv6-m\libc.a(ctype_aeabi.o)
 .text.islower  0x00000000       0x20 C:/Freescale/CW MCU v10.6/MCU/ARM_GCC_Support/ewl/lib/armv6-m\libc.a(ctype_aeabi.o)
 .text.isprint  0x00000000       0x1c C:/Freescale/CW MCU v10.6/MCU/ARM_GCC_Support/ewl/lib/armv6-m\libc.a(ctype_aeabi.o)
 .text.ispunct  0x00000000       0x20 C:/Freescale/CW MCU v10.6/MCU/ARM_GCC_Support/ewl/lib/armv6-m\libc.a(ctype_aeabi.o)
 .text.isupper  0x00000000       0x20 C:/Freescale/CW MCU v10.6/MCU/ARM_GCC_Support/ewl/lib/armv6-m\libc.a(ctype_aeabi.o)
 .text.isxdigit
                0x00000000       0x20 C:/Freescale/CW MCU v10.6/MCU/ARM_GCC_Support/ewl/lib/armv6-m\libc.a(ctype_aeabi.o)
 .text.isblank  0x00000000       0x28 C:/Freescale/CW MCU v10.6/MCU/ARM_GCC_Support/ewl/lib/armv6-m\libc.a(ctype_aeabi.o)
 .text.tolower  0x00000000        0xe C:/Freescale/CW MCU v10.6/MCU/ARM_GCC_Support/ewl/lib/armv6-m\libc.a(ctype_aeabi.o)
 .text          0x00000000        0x0 C:/Freescale/CW MCU v10.6/MCU/ARM_GCC_Support/ewl/lib/armv6-m\libc.a(__strtoul.o)
 .data          0x00000000        0x0 C:/Freescale/CW MCU v10.6/MCU/ARM_GCC_Support/ewl/lib/armv6-m\libc.a(__strtoul.o)
 .bss           0x00000000        0x0 C:/Freescale/CW MCU v10.6/MCU/ARM_GCC_Support/ewl/lib/armv6-m\libc.a(__strtoul.o)
 .text          0x00000000        0x0 C:/Freescale/CW MCU v10.6/MCU/ARM_GCC_Support/ewl/lib/armv6-m\libc.a(__filll_mem.o)
 .data          0x00000000        0x0 C:/Freescale/CW MCU v10.6/MCU/ARM_GCC_Support/ewl/lib/armv6-m\libc.a(__filll_mem.o)
 .bss           0x00000000        0x0 C:/Freescale/CW MCU v10.6/MCU/ARM_GCC_Support/ewl/lib/armv6-m\libc.a(__filll_mem.o)
 .text          0x00000000        0x0 C:/Freescale/CW MCU v10.6/MCU/ARM_GCC_Support/ewl/lib/armv6-m\libc.a(memchr.o)
 .data          0x00000000        0x0 C:/Freescale/CW MCU v10.6/MCU/ARM_GCC_Support/ewl/lib/armv6-m\libc.a(memchr.o)
 .bss           0x00000000        0x0 C:/Freescale/CW MCU v10.6/MCU/ARM_GCC_Support/ewl/lib/armv6-m\libc.a(memchr.o)
 .text          0x00000000        0x0 C:/Freescale/CW MCU v10.6/MCU/ARM_GCC_Support/ewl/lib/armv6-m\libc.a(memcpy.o)
 .data          0x00000000        0x0 C:/Freescale/CW MCU v10.6/MCU/ARM_GCC_Support/ewl/lib/armv6-m\libc.a(memcpy.o)
 .bss           0x00000000        0x0 C:/Freescale/CW MCU v10.6/MCU/ARM_GCC_Support/ewl/lib/armv6-m\libc.a(memcpy.o)
 .text          0x00000000        0x0 C:/Freescale/CW MCU v10.6/MCU/ARM_GCC_Support/ewl/lib/armv6-m\libc.a(strchr.o)
 .data          0x00000000        0x0 C:/Freescale/CW MCU v10.6/MCU/ARM_GCC_Support/ewl/lib/armv6-m\libc.a(strchr.o)
 .bss           0x00000000        0x0 C:/Freescale/CW MCU v10.6/MCU/ARM_GCC_Support/ewl/lib/armv6-m\libc.a(strchr.o)
 .text          0x00000000        0x0 C:/Freescale/CW MCU v10.6/MCU/ARM_GCC_Support/ewl/lib/armv6-m\libc.a(strlen.o)
 .data          0x00000000        0x0 C:/Freescale/CW MCU v10.6/MCU/ARM_GCC_Support/ewl/lib/armv6-m\libc.a(strlen.o)
 .bss           0x00000000        0x0 C:/Freescale/CW MCU v10.6/MCU/ARM_GCC_Support/ewl/lib/armv6-m\libc.a(strlen.o)
 .data          0x00000000        0x0 c:/freescale/cw mcu v10.6/cross_tools/arm-none-eabi-gcc-4_7_3/bin/../lib/gcc/arm-none-eabi/4.7.3/armv6-m\libgcc.a(_thumb1_case_sqi.o)
 .bss           0x00000000        0x0 c:/freescale/cw mcu v10.6/cross_tools/arm-none-eabi-gcc-4_7_3/bin/../lib/gcc/arm-none-eabi/4.7.3/armv6-m\libgcc.a(_thumb1_case_sqi.o)
 .data          0x00000000        0x0 c:/freescale/cw mcu v10.6/cross_tools/arm-none-eabi-gcc-4_7_3/bin/../lib/gcc/arm-none-eabi/4.7.3/armv6-m\libgcc.a(_thumb1_case_uqi.o)
 .bss           0x00000000        0x0 c:/freescale/cw mcu v10.6/cross_tools/arm-none-eabi-gcc-4_7_3/bin/../lib/gcc/arm-none-eabi/4.7.3/armv6-m\libgcc.a(_thumb1_case_uqi.o)
 .data          0x00000000        0x0 c:/freescale/cw mcu v10.6/cross_tools/arm-none-eabi-gcc-4_7_3/bin/../lib/gcc/arm-none-eabi/4.7.3/armv6-m\libgcc.a(_udivsi3.o)
 .bss           0x00000000        0x0 c:/freescale/cw mcu v10.6/cross_tools/arm-none-eabi-gcc-4_7_3/bin/../lib/gcc/arm-none-eabi/4.7.3/armv6-m\libgcc.a(_udivsi3.o)
 .data          0x00000000        0x0 c:/freescale/cw mcu v10.6/cross_tools/arm-none-eabi-gcc-4_7_3/bin/../lib/gcc/arm-none-eabi/4.7.3/armv6-m\libgcc.a(_dvmd_tls.o)
 .bss           0x00000000        0x0 c:/freescale/cw mcu v10.6/cross_tools/arm-none-eabi-gcc-4_7_3/bin/../lib/gcc/arm-none-eabi/4.7.3/armv6-m\libgcc.a(_dvmd_tls.o)
 .text          0x00000000       0x74 c:/freescale/cw mcu v10.6/cross_tools/arm-none-eabi-gcc-4_7_3/bin/../lib/gcc/arm-none-eabi/4.7.3/armv6-m\libgcc.a(_arm_cmpsf2.o)
 .data          0x00000000        0x0 c:/freescale/cw mcu v10.6/cross_tools/arm-none-eabi-gcc-4_7_3/bin/../lib/gcc/arm-none-eabi/4.7.3/armv6-m\libgcc.a(_arm_cmpsf2.o)
 .bss           0x00000000        0x0 c:/freescale/cw mcu v10.6/cross_tools/arm-none-eabi-gcc-4_7_3/bin/../lib/gcc/arm-none-eabi/4.7.3/armv6-m\libgcc.a(_arm_cmpsf2.o)
 .ARM.attributes
                0x00000000       0x1e c:/freescale/cw mcu v10.6/cross_tools/arm-none-eabi-gcc-4_7_3/bin/../lib/gcc/arm-none-eabi/4.7.3/armv6-m\libgcc.a(_arm_cmpsf2.o)
 .text          0x00000000       0x30 c:/freescale/cw mcu v10.6/cross_tools/arm-none-eabi-gcc-4_7_3/bin/../lib/gcc/arm-none-eabi/4.7.3/armv6-m\libgcc.a(_fixunssfsi.o)
 .data          0x00000000        0x0 c:/freescale/cw mcu v10.6/cross_tools/arm-none-eabi-gcc-4_7_3/bin/../lib/gcc/arm-none-eabi/4.7.3/armv6-m\libgcc.a(_fixunssfsi.o)
 .bss           0x00000000        0x0 c:/freescale/cw mcu v10.6/cross_tools/arm-none-eabi-gcc-4_7_3/bin/../lib/gcc/arm-none-eabi/4.7.3/armv6-m\libgcc.a(_fixunssfsi.o)
 .ARM.attributes
                0x00000000       0x2c c:/freescale/cw mcu v10.6/cross_tools/arm-none-eabi-gcc-4_7_3/bin/../lib/gcc/arm-none-eabi/4.7.3/armv6-m\libgcc.a(_fixunssfsi.o)
 .debug_frame   0x00000000       0x28 c:/freescale/cw mcu v10.6/cross_tools/arm-none-eabi-gcc-4_7_3/bin/../lib/gcc/arm-none-eabi/4.7.3/armv6-m\libgcc.a(_fixunssfsi.o)
 .text          0x00000000       0x50 c:/freescale/cw mcu v10.6/cross_tools/arm-none-eabi-gcc-4_7_3/bin/../lib/gcc/arm-none-eabi/4.7.3/armv6-m\libgcc.a(eqsf2.o)
 .data          0x00000000        0x0 c:/freescale/cw mcu v10.6/cross_tools/arm-none-eabi-gcc-4_7_3/bin/../lib/gcc/arm-none-eabi/4.7.3/armv6-m\libgcc.a(eqsf2.o)
 .bss           0x00000000        0x0 c:/freescale/cw mcu v10.6/cross_tools/arm-none-eabi-gcc-4_7_3/bin/../lib/gcc/arm-none-eabi/4.7.3/armv6-m\libgcc.a(eqsf2.o)
 .ARM.attributes
                0x00000000       0x2c c:/freescale/cw mcu v10.6/cross_tools/arm-none-eabi-gcc-4_7_3/bin/../lib/gcc/arm-none-eabi/4.7.3/armv6-m\libgcc.a(eqsf2.o)
 .debug_frame   0x00000000       0x2c c:/freescale/cw mcu v10.6/cross_tools/arm-none-eabi-gcc-4_7_3/bin/../lib/gcc/arm-none-eabi/4.7.3/armv6-m\libgcc.a(eqsf2.o)
 .text          0x00000000       0x90 c:/freescale/cw mcu v10.6/cross_tools/arm-none-eabi-gcc-4_7_3/bin/../lib/gcc/arm-none-eabi/4.7.3/armv6-m\libgcc.a(gesf2.o)
 .data          0x00000000        0x0 c:/freescale/cw mcu v10.6/cross_tools/arm-none-eabi-gcc-4_7_3/bin/../lib/gcc/arm-none-eabi/4.7.3/armv6-m\libgcc.a(gesf2.o)
 .bss           0x00000000        0x0 c:/freescale/cw mcu v10.6/cross_tools/arm-none-eabi-gcc-4_7_3/bin/../lib/gcc/arm-none-eabi/4.7.3/armv6-m\libgcc.a(gesf2.o)
 .ARM.attributes
                0x00000000       0x2c c:/freescale/cw mcu v10.6/cross_tools/arm-none-eabi-gcc-4_7_3/bin/../lib/gcc/arm-none-eabi/4.7.3/armv6-m\libgcc.a(gesf2.o)
 .debug_frame   0x00000000       0x30 c:/freescale/cw mcu v10.6/cross_tools/arm-none-eabi-gcc-4_7_3/bin/../lib/gcc/arm-none-eabi/4.7.3/armv6-m\libgcc.a(gesf2.o)
 .text          0x00000000       0x90 c:/freescale/cw mcu v10.6/cross_tools/arm-none-eabi-gcc-4_7_3/bin/../lib/gcc/arm-none-eabi/4.7.3/armv6-m\libgcc.a(lesf2.o)
 .data          0x00000000        0x0 c:/freescale/cw mcu v10.6/cross_tools/arm-none-eabi-gcc-4_7_3/bin/../lib/gcc/arm-none-eabi/4.7.3/armv6-m\libgcc.a(lesf2.o)
 .bss           0x00000000        0x0 c:/freescale/cw mcu v10.6/cross_tools/arm-none-eabi-gcc-4_7_3/bin/../lib/gcc/arm-none-eabi/4.7.3/armv6-m\libgcc.a(lesf2.o)
 .ARM.attributes
                0x00000000       0x2c c:/freescale/cw mcu v10.6/cross_tools/arm-none-eabi-gcc-4_7_3/bin/../lib/gcc/arm-none-eabi/4.7.3/armv6-m\libgcc.a(lesf2.o)
 .debug_frame   0x00000000       0x30 c:/freescale/cw mcu v10.6/cross_tools/arm-none-eabi-gcc-4_7_3/bin/../lib/gcc/arm-none-eabi/4.7.3/armv6-m\libgcc.a(lesf2.o)
 .text          0x00000000      0x260 c:/freescale/cw mcu v10.6/cross_tools/arm-none-eabi-gcc-4_7_3/bin/../lib/gcc/arm-none-eabi/4.7.3/armv6-m\libgcc.a(mulsf3.o)
 .data          0x00000000        0x0 c:/freescale/cw mcu v10.6/cross_tools/arm-none-eabi-gcc-4_7_3/bin/../lib/gcc/arm-none-eabi/4.7.3/armv6-m\libgcc.a(mulsf3.o)
 .bss           0x00000000        0x0 c:/freescale/cw mcu v10.6/cross_tools/arm-none-eabi-gcc-4_7_3/bin/../lib/gcc/arm-none-eabi/4.7.3/armv6-m\libgcc.a(mulsf3.o)
 .rodata        0x00000000       0x40 c:/freescale/cw mcu v10.6/cross_tools/arm-none-eabi-gcc-4_7_3/bin/../lib/gcc/arm-none-eabi/4.7.3/armv6-m\libgcc.a(mulsf3.o)
 .ARM.attributes
                0x00000000       0x2c c:/freescale/cw mcu v10.6/cross_tools/arm-none-eabi-gcc-4_7_3/bin/../lib/gcc/arm-none-eabi/4.7.3/armv6-m\libgcc.a(mulsf3.o)
 .debug_frame   0x00000000       0x3c c:/freescale/cw mcu v10.6/cross_tools/arm-none-eabi-gcc-4_7_3/bin/../lib/gcc/arm-none-eabi/4.7.3/armv6-m\libgcc.a(mulsf3.o)
 .text          0x00000000      0x3ac c:/freescale/cw mcu v10.6/cross_tools/arm-none-eabi-gcc-4_7_3/bin/../lib/gcc/arm-none-eabi/4.7.3/armv6-m\libgcc.a(subsf3.o)
 .data          0x00000000        0x0 c:/freescale/cw mcu v10.6/cross_tools/arm-none-eabi-gcc-4_7_3/bin/../lib/gcc/arm-none-eabi/4.7.3/armv6-m\libgcc.a(subsf3.o)
 .bss           0x00000000        0x0 c:/freescale/cw mcu v10.6/cross_tools/arm-none-eabi-gcc-4_7_3/bin/../lib/gcc/arm-none-eabi/4.7.3/armv6-m\libgcc.a(subsf3.o)
 .ARM.attributes
                0x00000000       0x2c c:/freescale/cw mcu v10.6/cross_tools/arm-none-eabi-gcc-4_7_3/bin/../lib/gcc/arm-none-eabi/4.7.3/armv6-m\libgcc.a(subsf3.o)
 .debug_frame   0x00000000       0x30 c:/freescale/cw mcu v10.6/cross_tools/arm-none-eabi-gcc-4_7_3/bin/../lib/gcc/arm-none-eabi/4.7.3/armv6-m\libgcc.a(subsf3.o)
 .text          0x00000000       0x40 c:/freescale/cw mcu v10.6/cross_tools/arm-none-eabi-gcc-4_7_3/bin/../lib/gcc/arm-none-eabi/4.7.3/armv6-m\libgcc.a(fixsfsi.o)
 .data          0x00000000        0x0 c:/freescale/cw mcu v10.6/cross_tools/arm-none-eabi-gcc-4_7_3/bin/../lib/gcc/arm-none-eabi/4.7.3/armv6-m\libgcc.a(fixsfsi.o)
 .bss           0x00000000        0x0 c:/freescale/cw mcu v10.6/cross_tools/arm-none-eabi-gcc-4_7_3/bin/../lib/gcc/arm-none-eabi/4.7.3/armv6-m\libgcc.a(fixsfsi.o)
 .ARM.attributes
                0x00000000       0x2c c:/freescale/cw mcu v10.6/cross_tools/arm-none-eabi-gcc-4_7_3/bin/../lib/gcc/arm-none-eabi/4.7.3/armv6-m\libgcc.a(fixsfsi.o)
 .debug_frame   0x00000000       0x28 c:/freescale/cw mcu v10.6/cross_tools/arm-none-eabi-gcc-4_7_3/bin/../lib/gcc/arm-none-eabi/4.7.3/armv6-m\libgcc.a(fixsfsi.o)
 .text          0x00000000       0xa8 c:/freescale/cw mcu v10.6/cross_tools/arm-none-eabi-gcc-4_7_3/bin/../lib/gcc/arm-none-eabi/4.7.3/armv6-m\libgcc.a(floatsisf.o)
 .data          0x00000000        0x0 c:/freescale/cw mcu v10.6/cross_tools/arm-none-eabi-gcc-4_7_3/bin/../lib/gcc/arm-none-eabi/4.7.3/armv6-m\libgcc.a(floatsisf.o)
 .bss           0x00000000        0x0 c:/freescale/cw mcu v10.6/cross_tools/arm-none-eabi-gcc-4_7_3/bin/../lib/gcc/arm-none-eabi/4.7.3/armv6-m\libgcc.a(floatsisf.o)
 .ARM.attributes
                0x00000000       0x2c c:/freescale/cw mcu v10.6/cross_tools/arm-none-eabi-gcc-4_7_3/bin/../lib/gcc/arm-none-eabi/4.7.3/armv6-m\libgcc.a(floatsisf.o)
 .debug_frame   0x00000000       0x2c c:/freescale/cw mcu v10.6/cross_tools/arm-none-eabi-gcc-4_7_3/bin/../lib/gcc/arm-none-eabi/4.7.3/armv6-m\libgcc.a(floatsisf.o)
 .text          0x00000000       0x3c c:/freescale/cw mcu v10.6/cross_tools/arm-none-eabi-gcc-4_7_3/bin/../lib/gcc/arm-none-eabi/4.7.3/armv6-m\libgcc.a(_clzsi2.o)
 .data          0x00000000        0x0 c:/freescale/cw mcu v10.6/cross_tools/arm-none-eabi-gcc-4_7_3/bin/../lib/gcc/arm-none-eabi/4.7.3/armv6-m\libgcc.a(_clzsi2.o)
 .bss           0x00000000        0x0 c:/freescale/cw mcu v10.6/cross_tools/arm-none-eabi-gcc-4_7_3/bin/../lib/gcc/arm-none-eabi/4.7.3/armv6-m\libgcc.a(_clzsi2.o)
 .ARM.attributes
                0x00000000       0x1e c:/freescale/cw mcu v10.6/cross_tools/arm-none-eabi-gcc-4_7_3/bin/../lib/gcc/arm-none-eabi/4.7.3/armv6-m\libgcc.a(_clzsi2.o)
 .text          0x00000000        0x0 C:/Freescale/CW MCU v10.6/MCU/ARM_GCC_Support/ewl/lib/armv6-m\librt.a(gcc_ctor_dtor.o)
 .data          0x00000000        0x0 C:/Freescale/CW MCU v10.6/MCU/ARM_GCC_Support/ewl/lib/armv6-m\librt.a(gcc_ctor_dtor.o)
 .bss           0x00000000        0x0 C:/Freescale/CW MCU v10.6/MCU/ARM_GCC_Support/ewl/lib/armv6-m\librt.a(gcc_ctor_dtor.o)
 .bss.__dso_handle
                0x00000000        0x4 C:/Freescale/CW MCU v10.6/MCU/ARM_GCC_Support/ewl/lib/armv6-m\librt.a(gcc_ctor_dtor.o)
 .text          0x00000000        0x0 C:/Freescale/CW MCU v10.6/MCU/ARM_GCC_Support/ewl/lib/armv6-m\librt.a(ROMCopy.o)
 .data          0x00000000        0x0 C:/Freescale/CW MCU v10.6/MCU/ARM_GCC_Support/ewl/lib/armv6-m\librt.a(ROMCopy.o)
 .bss           0x00000000        0x0 C:/Freescale/CW MCU v10.6/MCU/ARM_GCC_Support/ewl/lib/armv6-m\librt.a(ROMCopy.o)
 .text.__flush_cache
                0x00000000        0x2 C:/Freescale/CW MCU v10.6/MCU/ARM_GCC_Support/ewl/lib/armv6-m\librt.a(ROMCopy.o)
 .text          0x00000000        0x0 C:/Freescale/CW MCU v10.6/MCU/ARM_GCC_Support/ewl/lib/armv6-m\librt.a(__arm_eabi_init.o)
 .data          0x00000000        0x0 C:/Freescale/CW MCU v10.6/MCU/ARM_GCC_Support/ewl/lib/armv6-m\librt.a(__arm_eabi_init.o)
 .bss           0x00000000        0x0 C:/Freescale/CW MCU v10.6/MCU/ARM_GCC_Support/ewl/lib/armv6-m\librt.a(__arm_eabi_init.o)
 .text.__register_global_object
                0x00000000       0x14 C:/Freescale/CW MCU v10.6/MCU/ARM_GCC_Support/ewl/lib/armv6-m\librt.a(__arm_eabi_init.o)
 .text.__cxa_atexit
                0x00000000       0x38 C:/Freescale/CW MCU v10.6/MCU/ARM_GCC_Support/ewl/lib/armv6-m\librt.a(__arm_eabi_init.o)
 .text.__aeabi_atexit
                0x00000000        0xe C:/Freescale/CW MCU v10.6/MCU/ARM_GCC_Support/ewl/lib/armv6-m\librt.a(__arm_eabi_init.o)
 .text.__register_atexit
                0x00000000        0xc C:/Freescale/CW MCU v10.6/MCU/ARM_GCC_Support/ewl/lib/armv6-m\librt.a(__arm_eabi_init.o)
 .text.__init_hardware
                0x00000000        0x4 C:/Freescale/CW MCU v10.6/MCU/ARM_GCC_Support/ewl/lib/armv6-m\librt.a(__arm_eabi_init.o)
 .bss.atexit_curr_func
                0x00000000        0x4 C:/Freescale/CW MCU v10.6/MCU/ARM_GCC_Support/ewl/lib/armv6-m\librt.a(__arm_eabi_init.o)
 .bss.atexit_funcs
                0x00000000      0x300 C:/Freescale/CW MCU v10.6/MCU/ARM_GCC_Support/ewl/lib/armv6-m\librt.a(__arm_eabi_init.o)

Memory Configuration

Name             Origin             Length             Attributes
m_interrupts     0x00000000         0x000000c0         xr
m_text           0x00000410         0x0001fbf0         xr
m_data           0x1ffff000         0x00004000         rw
m_cfmprotrom     0x00000400         0x00000010         xr
*default*        0x00000000         0xffffffff

Linker script and memory map

LOAD ./Generated_Code/WAIT1.o
LOAD ./Generated_Code/Vectors.o
LOAD ./Generated_Code/TU1.o
LOAD ./Generated_Code/PwmLdd1.o
LOAD ./Generated_Code/PWM1.o
LOAD ./Generated_Code/PTA.o
LOAD ./Generated_Code/PE_LDD.o
LOAD ./Generated_Code/MCUC1.o
LOAD ./Generated_Code/Cpu.o
LOAD ./Generated_Code/Bit1.o
LOAD ./Generated_Code/AdcLdd1.o
LOAD ./Generated_Code/AD1.o
LOAD ./Project_Settings/Startup_Code/__arm_start.o
LOAD ./Project_Settings/Startup_Code/__arm_end.o
LOAD ./Sources/sa_mtb.o
LOAD ./Sources/main.o
LOAD ./Sources/Events.o
                0x000011e0                __pformatter = __pformatter_
                [0x00001608]                __sformatter = __sformatter
START GROUP
LOAD C:/Freescale/CW MCU v10.6/MCU/ARM_GCC_Support/ewl/lib/armv6-m\libc.a
LOAD C:/Freescale/CW MCU v10.6/MCU/ARM_GCC_Support/ewl/lib/armv6-m\libm.a
LOAD c:/freescale/cw mcu v10.6/cross_tools/arm-none-eabi-gcc-4_7_3/bin/../lib/gcc/arm-none-eabi/4.7.3/armv6-m\libgcc.a
LOAD C:/Freescale/CW MCU v10.6/MCU/ARM_GCC_Support/ewl/lib/armv6-m\librt.a
LOAD C:/Freescale/CW MCU v10.6/MCU/ARM_GCC_Support/ewl/lib/armv6-m\libuart.a
END GROUP
                0x20003000                _estack = 0x20003000
                0x20003000                __SP_INIT = _estack
                0x00000000                __heap_size = 0x0
                0x00000400                __stack_size = 0x400

.interrupts     0x00000000       0xc0
                0x00000000                __vector_table = .
                0x00000000                . = ALIGN (0x4)
 *(.vectortable)
 .vectortable   0x00000000       0xc0 ./Generated_Code/Vectors.o
                0x00000000                __vect_table
                0x000000c0                . = ALIGN (0x4)

.cfmprotect     0x00000400       0x10
                0x00000400                . = ALIGN (0x4)
 *(.cfmconfig)
 .cfmconfig     0x00000400       0x10 ./Generated_Code/Cpu.o
                0x00000400                _cfm
                0x00000410                . = ALIGN (0x4)

.text           0x00000410     0x1dd0
                0x00000410                . = ALIGN (0x4)
 *(.text)
 .text          0x00000410       0x14 c:/freescale/cw mcu v10.6/cross_tools/arm-none-eabi-gcc-4_7_3/bin/../lib/gcc/arm-none-eabi/4.7.3/armv6-m\libgcc.a(_thumb1_case_sqi.o)
                0x00000410                __gnu_thumb1_case_sqi
 .text          0x00000424       0x14 c:/freescale/cw mcu v10.6/cross_tools/arm-none-eabi-gcc-4_7_3/bin/../lib/gcc/arm-none-eabi/4.7.3/armv6-m\libgcc.a(_thumb1_case_uqi.o)
                0x00000424                __gnu_thumb1_case_uqi
 .text          0x00000438       0x9c c:/freescale/cw mcu v10.6/cross_tools/arm-none-eabi-gcc-4_7_3/bin/../lib/gcc/arm-none-eabi/4.7.3/armv6-m\libgcc.a(_udivsi3.o)
                0x00000438                __aeabi_uidiv
                0x00000438                __udivsi3
                0x000004c0                __aeabi_uidivmod
 .text          0x000004d4        0x4 c:/freescale/cw mcu v10.6/cross_tools/arm-none-eabi-gcc-4_7_3/bin/../lib/gcc/arm-none-eabi/4.7.3/armv6-m\libgcc.a(_dvmd_tls.o)
                0x000004d4                __aeabi_idiv0
                0x000004d4                __aeabi_ldiv0
 *(.text*)
 .text.WAIT1_Wait10Cycles
                0x000004d8        0x8 ./Generated_Code/WAIT1.o
                0x000004d8                WAIT1_Wait10Cycles
 .text.WAIT1_Wait100Cycles
                0x000004e0       0x24 ./Generated_Code/WAIT1.o
                0x000004e0                WAIT1_Wait100Cycles
 .text.WAIT1_WaitCycles
                0x00000504       0x44 ./Generated_Code/WAIT1.o
                0x00000504                WAIT1_WaitCycles
 .text.WAIT1_WaitLongCycles
                0x00000548       0x3c ./Generated_Code/WAIT1.o
                0x00000548                WAIT1_WaitLongCycles
 .text.WAIT1_Waitms
                0x00000584       0x38 ./Generated_Code/WAIT1.o
                0x00000584                WAIT1_Waitms
 .text.TU1_Init
                0x000005bc       0xd8 ./Generated_Code/TU1.o
                0x000005bc                TU1_Init
 .text.TU1_GetPeriodTicks
                0x00000694       0x3c ./Generated_Code/TU1.o
                0x00000694                TU1_GetPeriodTicks
 .text.TU1_SetOffsetTicks
                0x000006d0       0x58 ./Generated_Code/TU1.o
                0x000006d0                TU1_SetOffsetTicks
 .text.PwmLdd1_Init
                0x00000728       0x54 ./Generated_Code/PwmLdd1.o
                0x00000728                PwmLdd1_Init
 .text.PwmLdd1_SetRatio16
                0x0000077c       0x2c ./Generated_Code/PwmLdd1.o
                0x0000077c                PwmLdd1_SetRatio16
 .text.SetRatio
                0x000007a8       0x68 ./Generated_Code/PwmLdd1.o
 .text.PTA_Init
                0x00000810       0x1c ./Generated_Code/PTA.o
                0x00000810                PTA_Init
 .text.Cpu_INT_NMIInterrupt
                0x0000082c        0xc ./Generated_Code/Cpu.o
                0x0000082c                Cpu_INT_NMIInterrupt
 .text.Cpu_Interrupt
                0x00000838        0xc ./Generated_Code/Cpu.o
                0x00000838                Cpu_Interrupt
 .text.__init_hardware
                0x00000844      0x110 ./Generated_Code/Cpu.o
                0x00000844                __init_hardware
 .text.PE_low_level_init
                0x00000954      0x104 ./Generated_Code/Cpu.o
                0x00000954                PE_low_level_init
 .text.Bit1_Init
                0x00000a58       0x58 ./Generated_Code/Bit1.o
                0x00000a58                Bit1_Init
 .text.Bit1_GetVal
                0x00000ab0       0x28 ./Generated_Code/Bit1.o
                0x00000ab0                Bit1_GetVal
 .text.AdcLdd1_Init
                0x00000ad8       0xbc ./Generated_Code/AdcLdd1.o
                0x00000ad8                AdcLdd1_Init
 .text.AdcLdd1_StartSingleMeasurement
                0x00000b94       0x44 ./Generated_Code/AdcLdd1.o
                0x00000b94                AdcLdd1_StartSingleMeasurement
 .text.AdcLdd1_CreateSampleGroup
                0x00000bd8       0x6c ./Generated_Code/AdcLdd1.o
                0x00000bd8                AdcLdd1_CreateSampleGroup
 .text.AdcLdd1_GetMeasuredValues
                0x00000c44       0x60 ./Generated_Code/AdcLdd1.o
                0x00000c44                AdcLdd1_GetMeasuredValues
 .text.AdcLdd1_GetCalibrationResultStatus
                0x00000ca4       0xb8 ./Generated_Code/AdcLdd1.o
                0x00000ca4                AdcLdd1_GetCalibrationResultStatus
 .text.AdcLdd1_MeasurementCompleteInterrupt
                0x00000d5c       0x30 ./Generated_Code/AdcLdd1.o
                0x00000d5c                AdcLdd1_MeasurementCompleteInterrupt
 .text.AD1_HWEnDi
                0x00000d8c       0x48 ./Generated_Code/AD1.o
                0x00000d8c                AD1_HWEnDi
 .text.AD1_Measure
                0x00000dd4       0x48 ./Generated_Code/AD1.o
                0x00000dd4                AD1_Measure
 .text.AD1_GetValue16
                0x00000e1c       0x34 ./Generated_Code/AD1.o
                0x00000e1c                AD1_GetValue16
 .text.AdcLdd1_OnMeasurementComplete
                0x00000e50       0x5c ./Generated_Code/AD1.o
                0x00000e50                AdcLdd1_OnMeasurementComplete
 .text.AD1_Init
                0x00000eac       0x2c ./Generated_Code/AD1.o
                0x00000eac                AD1_Init
 .text.zero_fill_bss
                0x00000ed8       0x24 ./Project_Settings/Startup_Code/__arm_start.o
 .text.__thumb_startup
                0x00000efc       0x30 ./Project_Settings/Startup_Code/__arm_start.o
                0x00000efc                __thumb_startup
 .text._ExitProcess
                0x00000f2c        0xc ./Project_Settings/Startup_Code/__arm_end.o
                0x00000f2c                _ExitProcess
 .text.main     0x00000f38       0xb0 ./Sources/main.o
                0x00000f38                main
 .text.Cpu_OnNMIINT
                0x00000fe8        0x8 ./Sources/Events.o
                0x00000fe8                Cpu_OnNMIINT
 .text.AD1_OnEnd
                0x00000ff0        0x8 ./Sources/Events.o
                0x00000ff0                AD1_OnEnd
 .text.AD1_OnCalibrationEnd
                0x00000ff8        0x8 ./Sources/Events.o
                0x00000ff8                AD1_OnCalibrationEnd
 .text.exit     0x00001000       0x38 C:/Freescale/CW MCU v10.6/MCU/ARM_GCC_Support/ewl/lib/armv6-m\libc.a(exit.o)
                0x00001000                exit
 .text.memset   0x00001038        0xc C:/Freescale/CW MCU v10.6/MCU/ARM_GCC_Support/ewl/lib/armv6-m\libc.a(memset.o)
                0x00001038                memset
 .text.long2str.isra.0
                0x00001044      0x19c C:/Freescale/CW MCU v10.6/MCU/ARM_GCC_Support/ewl/lib/armv6-m\libc.a(printformat_.o)
 .text.__pformatter_
                0x000011e0      0x428 C:/Freescale/CW MCU v10.6/MCU/ARM_GCC_Support/ewl/lib/armv6-m\libc.a(printformat_.o)
                0x000011e0                __pformatter_
 .text.__sformatter
                0x00001608      0x698 C:/Freescale/CW MCU v10.6/MCU/ARM_GCC_Support/ewl/lib/armv6-m\libc.a(scanformat_.o)
                0x00001608                __sformatter
 .text.isalpha  0x00001ca0       0x20 C:/Freescale/CW MCU v10.6/MCU/ARM_GCC_Support/ewl/lib/armv6-m\libc.a(ctype_aeabi.o)
                0x00001ca0                isalpha
 .text.isspace  0x00001cc0       0x20 C:/Freescale/CW MCU v10.6/MCU/ARM_GCC_Support/ewl/lib/armv6-m\libc.a(ctype_aeabi.o)
                0x00001cc0                isspace
 .text.toupper  0x00001ce0        0xe C:/Freescale/CW MCU v10.6/MCU/ARM_GCC_Support/ewl/lib/armv6-m\libc.a(ctype_aeabi.o)
                0x00001ce0                toupper
 .text.__strtoul
                0x00001cee      0x1ce C:/Freescale/CW MCU v10.6/MCU/ARM_GCC_Support/ewl/lib/armv6-m\libc.a(__strtoul.o)
                0x00001cee                __strtoul
 .text.__fill_mem
                0x00001ebc       0x7e C:/Freescale/CW MCU v10.6/MCU/ARM_GCC_Support/ewl/lib/armv6-m\libc.a(__filll_mem.o)
                0x00001ebc                __fill_mem
 .text.memchr   0x00001f3a       0x1a C:/Freescale/CW MCU v10.6/MCU/ARM_GCC_Support/ewl/lib/armv6-m\libc.a(memchr.o)
                0x00001f3a                memchr
 .text.memcpy   0x00001f54       0x12 C:/Freescale/CW MCU v10.6/MCU/ARM_GCC_Support/ewl/lib/armv6-m\libc.a(memcpy.o)
                0x00001f54                memcpy
 .text.strchr   0x00001f66       0x1e C:/Freescale/CW MCU v10.6/MCU/ARM_GCC_Support/ewl/lib/armv6-m\libc.a(strchr.o)
                0x00001f66                strchr
 .text.strlen   0x00001f84       0x10 C:/Freescale/CW MCU v10.6/MCU/ARM_GCC_Support/ewl/lib/armv6-m\libc.a(strlen.o)
                0x00001f84                strlen
 .text.__init_cpp
                0x00001f94       0x48 C:/Freescale/CW MCU v10.6/MCU/ARM_GCC_Support/ewl/lib/armv6-m\librt.a(gcc_ctor_dtor.o)
                0x00001f94                __init_cpp
 .text.__fini_cpp
                0x00001fdc       0x34 C:/Freescale/CW MCU v10.6/MCU/ARM_GCC_Support/ewl/lib/armv6-m\librt.a(gcc_ctor_dtor.o)
                0x00001fdc                __fini_cpp
 .text.__copy_rom_section
                0x00002010       0x48 C:/Freescale/CW MCU v10.6/MCU/ARM_GCC_Support/ewl/lib/armv6-m\librt.a(ROMCopy.o)
                0x00002010                __copy_rom_section
 .text.__copy_rom_sections_to_ram
                0x00002058       0x34 C:/Freescale/CW MCU v10.6/MCU/ARM_GCC_Support/ewl/lib/armv6-m\librt.a(ROMCopy.o)
                0x00002058                __copy_rom_sections_to_ram
 .text.__destroy_global_chain
                0x0000208c       0x1c C:/Freescale/CW MCU v10.6/MCU/ARM_GCC_Support/ewl/lib/armv6-m\librt.a(__arm_eabi_init.o)
                0x0000208c                __destroy_global_chain
 .text.__init_registers
                0x000020a8       0x1c C:/Freescale/CW MCU v10.6/MCU/ARM_GCC_Support/ewl/lib/armv6-m\librt.a(__arm_eabi_init.o)
                0x000020a8                __init_registers
 .text.__init_user
                0x000020c4        0x4 C:/Freescale/CW MCU v10.6/MCU/ARM_GCC_Support/ewl/lib/armv6-m\librt.a(__arm_eabi_init.o)
                0x000020c4                __init_user
 *(.rodata)
 *(.rodata*)
 .rodata.ChannelDevice
                0x000020c8        0x4 ./Generated_Code/TU1.o
 .rodata.ChannelMode
                0x000020cc        0x4 ./Generated_Code/TU1.o
 .rodata.ChannelToPin
                0x000020d0        0x4 ./Generated_Code/AdcLdd1.o
 .rodata.str1.1
                0x000020d4        0x1 C:/Freescale/CW MCU v10.6/MCU/ARM_GCC_Support/ewl/lib/armv6-m\libc.a(printformat_.o)
 .rodata.CSWTCH.20
                0x000020d5        0x5 C:/Freescale/CW MCU v10.6/MCU/ARM_GCC_Support/ewl/lib/armv6-m\libc.a(printformat_.o)
 .rodata.CSWTCH.21
                0x000020da        0x5 C:/Freescale/CW MCU v10.6/MCU/ARM_GCC_Support/ewl/lib/armv6-m\libc.a(printformat_.o)
 .rodata.__aeabi_ctype_table_C
                0x000020df      0x101 C:/Freescale/CW MCU v10.6/MCU/ARM_GCC_Support/ewl/lib/armv6-m\libc.a(ctype_aeabi.o)
                0x000020df                __aeabi_ctype_table_C
 *(.glue_7)
 .glue_7        0x00000000        0x0 linker stubs
 *(.glue_7t)
 .glue_7t       0x00000000        0x0 linker stubs
 *(.eh_frame)
 *(.init)
 *(.fini)
                0x000021e0                . = ALIGN (0x4)
                0x000021e0                _etext = .

.vfp11_veneer   0x000021e0        0x0
 .vfp11_veneer  0x00000000        0x0 linker stubs

.v4_bx          0x000021e0        0x0
 .v4_bx         0x00000000        0x0 linker stubs

.iplt           0x000021e0        0x0
 .iplt          0x00000000        0x0 ./Generated_Code/WAIT1.o

.rel.dyn        0x000021e0        0x0
 .rel.iplt      0x00000000        0x0 ./Generated_Code/WAIT1.o

.ARM.extab
 *(.ARM.extab* .gnu.linkonce.armextab.*)

.ARM            0x000021e0        0x0
                0x000021e0                __exidx_start = .
 *(.ARM.exidx*)
                0x000021e0                __exidx_end = .

.ctors          0x000021e0        0x0
                0x000021e0                __CTOR_LIST__ = .
 *crtbegin.o(.ctors)
 *(EXCLUDE_FILE(*crtend.o) .ctors)
 *(SORT(.ctors.*))
 *(.ctors)
                0x000021e0                __CTOR_END__ = .

.dtors          0x000021e0        0x0
                0x000021e0                __DTOR_LIST__ = .
 *crtbegin.o(.dtors)
 *(EXCLUDE_FILE(*crtend.o) .dtors)
 *(SORT(.dtors.*))
 *(.dtors)
                0x000021e0                __DTOR_END__ = .

.preinit_array  0x000021e0        0x0
                0x000021e0                PROVIDE (__preinit_array_start, .)
 *(.preinit_array*)
                0x000021e0                PROVIDE (__preinit_array_end, .)

.init_array     0x000021e0        0x0
                0x000021e0                PROVIDE (__init_array_start, .)
 *(SORT(.init_array.*))
 *(.init_array*)
                0x000021e0                PROVIDE (__init_array_end, .)

.fini_array     0x000021e0        0x0
                0x000021e0                PROVIDE (__fini_array_start, .)
 *(SORT(.fini_array.*))
 *(.fini_array*)
                0x000021e0                PROVIDE (__fini_array_end, .)
                0x000021e0                ___ROM_AT = .

.mtb            0x1ffff000        0x0
                0x1ffff000                . = ALIGN (0x8)
                0x1ffff000                _mtb_start = .
 *(.mtb_buf)
                0x1ffff000                . = ALIGN (0x8)
                0x1ffff000                _mtb_end = .

.data           0x1ffff000        0x0 load address 0x000021e0
                0x1ffff000                . = ALIGN (0x4)
                0x1ffff000                _sdata = .
 *(.data)
 *(.data*)
                0x1ffff000                . = ALIGN (0x4)
                0x1ffff000                _edata = .
                0x00000000                ___data_size = (_edata - _sdata)

.igot.plt       0x1ffff000        0x0
 .igot.plt      0x00000000        0x0 ./Generated_Code/WAIT1.o
                0x1ffff000                . = ALIGN (0x4)

.bss            0x1ffff000       0x64
                0x1ffff000                __START_BSS = .
                0x1ffff000                PROVIDE (__bss_start__, __START_BSS)
 *(.bss)
 *(.bss*)
 .bss.DeviceDataPrv__DEFAULT_RTOS_ALLOC
                0x1ffff000        0x8 ./Generated_Code/TU1.o
 .bss.DeviceDataPrv__DEFAULT_RTOS_ALLOC
                0x1ffff008        0xc ./Generated_Code/PwmLdd1.o
 .bss.PE_LDD_DeviceDataList
                0x1ffff014       0x10 ./Generated_Code/PE_LDD.o
                0x1ffff014                PE_LDD_DeviceDataList
 .bss.DeviceDataPrv__DEFAULT_RTOS_ALLOC
                0x1ffff024        0x4 ./Generated_Code/Bit1.o
 .bss.DeviceDataPrv__DEFAULT_RTOS_ALLOC
                0x1ffff028        0x8 ./Generated_Code/AdcLdd1.o
 .bss.INT_ADC0__DEFAULT_RTOS_ISRPARAM
                0x1ffff030        0x4 ./Generated_Code/AdcLdd1.o
 .bss.ModeFlg   0x1ffff034        0x1 ./Generated_Code/AD1.o
 *fill*         0x1ffff035        0x3 00
 .bss.SampleGroup
                0x1ffff038        0x4 ./Generated_Code/AD1.o
 .bss.OutFlg    0x1ffff03c        0x1 ./Generated_Code/AD1.o
 *fill*         0x1ffff03d        0x3 00
 .bss.argv      0x1ffff040        0x4 ./Project_Settings/Startup_Code/__arm_start.o
 .bss.__stdio_exit
                0x1ffff044        0x4 C:/Freescale/CW MCU v10.6/MCU/ARM_GCC_Support/ewl/lib/armv6-m\libc.a(exit.o)
                0x1ffff044                __stdio_exit
 .bss.__console_exit
                0x1ffff048        0x4 C:/Freescale/CW MCU v10.6/MCU/ARM_GCC_Support/ewl/lib/armv6-m\libc.a(exit.o)
                0x1ffff048                __console_exit
 .bss.__S_romp  0x1ffff04c        0xc C:/Freescale/CW MCU v10.6/MCU/ARM_GCC_Support/ewl/lib/armv6-m\librt.a(ROMCopy.o)
 .bss.__global_destructor_chain
                0x1ffff058        0x4 C:/Freescale/CW MCU v10.6/MCU/ARM_GCC_Support/ewl/lib/armv6-m\librt.a(__arm_eabi_init.o)
                0x1ffff058                __global_destructor_chain
 *(COMMON)
 COMMON         0x1ffff05c        0x8 ./Generated_Code/AD1.o
                0x1ffff05c                AD1_OutV
                0x1ffff060                AdcLdd1_DeviceDataPtr
                0x1ffff064                . = ALIGN (0x4)
                0x1ffff064                __END_BSS = .
                0x1ffff064                PROVIDE (__bss_end__, __END_BSS)
                0x000021e0                _romp_at = (___ROM_AT + SIZEOF (.data))

.romp           0x1ffff064       0x18 load address 0x000021e0
                0x000021e0                __S_romp = _romp_at
                0x1ffff064        0x4 LONG 0x21e0 ___ROM_AT
                0x1ffff068        0x4 LONG 0x1ffff000 _sdata
                0x1ffff06c        0x4 LONG 0x0 ___data_size
                0x1ffff070        0x4 LONG 0x0
                0x1ffff074        0x4 LONG 0x0
                0x1ffff078        0x4 LONG 0x0

._user_heap_stack
                0x1ffff07c      0x400 load address 0x000021f8
                0x1ffff07c                . = ALIGN (0x4)
                0x1ffff07c                PROVIDE (end, .)
                0x1ffff07c                PROVIDE (_end, .)
                0x1ffff07c                __heap_addr = .
                0x1ffff07c                . = (. + __heap_size)
                0x1ffff47c                . = (. + __stack_size)
 *fill*         0x1ffff07c      0x400 00
                0x1ffff47c                . = ALIGN (0x4)

.ARM.attributes
                0x00000000       0x31
 *(.ARM.attributes)
 .ARM.attributes
                0x00000000       0x31 ./Generated_Code/WAIT1.o
 .ARM.attributes
                0x00000031       0x31 ./Generated_Code/Vectors.o
 .ARM.attributes
                0x00000062       0x31 ./Generated_Code/TU1.o
 .ARM.attributes
                0x00000093       0x31 ./Generated_Code/PwmLdd1.o
 .ARM.attributes
                0x000000c4       0x31 ./Generated_Code/PTA.o
 .ARM.attributes
                0x000000f5       0x31 ./Generated_Code/PE_LDD.o
 .ARM.attributes
                0x00000126       0x31 ./Generated_Code/Cpu.o
 .ARM.attributes
                0x00000157       0x31 ./Generated_Code/Bit1.o
 .ARM.attributes
                0x00000188       0x31 ./Generated_Code/AdcLdd1.o
 .ARM.attributes
                0x000001b9       0x31 ./Generated_Code/AD1.o
 .ARM.attributes
                0x000001ea       0x31 ./Project_Settings/Startup_Code/__arm_start.o
 .ARM.attributes
                0x0000021b       0x31 ./Project_Settings/Startup_Code/__arm_end.o
 .ARM.attributes
                0x0000024c       0x31 ./Sources/main.o
 .ARM.attributes
                0x0000027d       0x31 ./Sources/Events.o
 .ARM.attributes
                0x000002ae       0x31 C:/Freescale/CW MCU v10.6/MCU/ARM_GCC_Support/ewl/lib/armv6-m\libc.a(exit.o)
 .ARM.attributes
                0x000002df       0x31 C:/Freescale/CW MCU v10.6/MCU/ARM_GCC_Support/ewl/lib/armv6-m\libc.a(memset.o)
 .ARM.attributes
                0x00000310       0x31 C:/Freescale/CW MCU v10.6/MCU/ARM_GCC_Support/ewl/lib/armv6-m\libc.a(printformat_.o)
 .ARM.attributes
                0x00000341       0x31 C:/Freescale/CW MCU v10.6/MCU/ARM_GCC_Support/ewl/lib/armv6-m\libc.a(scanformat_.o)
 .ARM.attributes
                0x00000372       0x31 C:/Freescale/CW MCU v10.6/MCU/ARM_GCC_Support/ewl/lib/armv6-m\libc.a(ctype_aeabi.o)
 .ARM.attributes
                0x000003a3       0x31 C:/Freescale/CW MCU v10.6/MCU/ARM_GCC_Support/ewl/lib/armv6-m\libc.a(__strtoul.o)
 .ARM.attributes
                0x000003d4       0x31 C:/Freescale/CW MCU v10.6/MCU/ARM_GCC_Support/ewl/lib/armv6-m\libc.a(__filll_mem.o)
 .ARM.attributes
                0x00000405       0x31 C:/Freescale/CW MCU v10.6/MCU/ARM_GCC_Support/ewl/lib/armv6-m\libc.a(memchr.o)
 .ARM.attributes
                0x00000436       0x31 C:/Freescale/CW MCU v10.6/MCU/ARM_GCC_Support/ewl/lib/armv6-m\libc.a(memcpy.o)
 .ARM.attributes
                0x00000467       0x31 C:/Freescale/CW MCU v10.6/MCU/ARM_GCC_Support/ewl/lib/armv6-m\libc.a(strchr.o)
 .ARM.attributes
                0x00000498       0x31 C:/Freescale/CW MCU v10.6/MCU/ARM_GCC_Support/ewl/lib/armv6-m\libc.a(strlen.o)
 .ARM.attributes
                0x000004c9       0x1e c:/freescale/cw mcu v10.6/cross_tools/arm-none-eabi-gcc-4_7_3/bin/../lib/gcc/arm-none-eabi/4.7.3/armv6-m\libgcc.a(_thumb1_case_sqi.o)
 .ARM.attributes
                0x000004e7       0x1e c:/freescale/cw mcu v10.6/cross_tools/arm-none-eabi-gcc-4_7_3/bin/../lib/gcc/arm-none-eabi/4.7.3/armv6-m\libgcc.a(_thumb1_case_uqi.o)
 .ARM.attributes
                0x00000505       0x1e c:/freescale/cw mcu v10.6/cross_tools/arm-none-eabi-gcc-4_7_3/bin/../lib/gcc/arm-none-eabi/4.7.3/armv6-m\libgcc.a(_udivsi3.o)
 .ARM.attributes
                0x00000523       0x1e c:/freescale/cw mcu v10.6/cross_tools/arm-none-eabi-gcc-4_7_3/bin/../lib/gcc/arm-none-eabi/4.7.3/armv6-m\libgcc.a(_dvmd_tls.o)
 .ARM.attributes
                0x00000541       0x31 C:/Freescale/CW MCU v10.6/MCU/ARM_GCC_Support/ewl/lib/armv6-m\librt.a(gcc_ctor_dtor.o)
 .ARM.attributes
                0x00000572       0x31 C:/Freescale/CW MCU v10.6/MCU/ARM_GCC_Support/ewl/lib/armv6-m\librt.a(ROMCopy.o)
 .ARM.attributes
                0x000005a3       0x31 C:/Freescale/CW MCU v10.6/MCU/ARM_GCC_Support/ewl/lib/armv6-m\librt.a(__arm_eabi_init.o)
OUTPUT(ex3_aula4.elf elf32-littlearm)

.debug_info     0x00000000     0x4634
 .debug_info    0x00000000      0x135 ./Generated_Code/WAIT1.o
 .debug_info    0x00000135      0x104 ./Generated_Code/Vectors.o
 .debug_info    0x00000239      0x6f1 ./Generated_Code/TU1.o
 .debug_info    0x0000092a      0x2cc ./Generated_Code/PwmLdd1.o
 .debug_info    0x00000bf6      0x115 ./Generated_Code/PTA.o
 .debug_info    0x00000d0b      0x24e ./Generated_Code/PE_LDD.o
 .debug_info    0x00000f59      0x8e1 ./Generated_Code/Cpu.o
 .debug_info    0x0000183a      0x313 ./Generated_Code/Bit1.o
 .debug_info    0x00001b4d      0x969 ./Generated_Code/AdcLdd1.o
 .debug_info    0x000024b6      0x23d ./Generated_Code/AD1.o
 .debug_info    0x000026f3      0x12a ./Project_Settings/Startup_Code/__arm_start.o
 .debug_info    0x0000281d       0x54 ./Project_Settings/Startup_Code/__arm_end.o
 .debug_info    0x00002871       0xf6 ./Sources/main.o
 .debug_info    0x00002967       0xb5 ./Sources/Events.o
 .debug_info    0x00002a1c       0xe8 C:/Freescale/CW MCU v10.6/MCU/ARM_GCC_Support/ewl/lib/armv6-m\libc.a(exit.o)
 .debug_info    0x00002b04       0xec C:/Freescale/CW MCU v10.6/MCU/ARM_GCC_Support/ewl/lib/armv6-m\libc.a(memset.o)
 .debug_info    0x00002bf0      0x50d C:/Freescale/CW MCU v10.6/MCU/ARM_GCC_Support/ewl/lib/armv6-m\libc.a(printformat_.o)
 .debug_info    0x000030fd      0x568 C:/Freescale/CW MCU v10.6/MCU/ARM_GCC_Support/ewl/lib/armv6-m\libc.a(scanformat_.o)
 .debug_info    0x00003665      0x313 C:/Freescale/CW MCU v10.6/MCU/ARM_GCC_Support/ewl/lib/armv6-m\libc.a(ctype_aeabi.o)
 .debug_info    0x00003978      0x1d6 C:/Freescale/CW MCU v10.6/MCU/ARM_GCC_Support/ewl/lib/armv6-m\libc.a(__strtoul.o)
 .debug_info    0x00003b4e      0x137 C:/Freescale/CW MCU v10.6/MCU/ARM_GCC_Support/ewl/lib/armv6-m\libc.a(__filll_mem.o)
 .debug_info    0x00003c85      0x121 C:/Freescale/CW MCU v10.6/MCU/ARM_GCC_Support/ewl/lib/armv6-m\libc.a(memchr.o)
 .debug_info    0x00003da6      0x10f C:/Freescale/CW MCU v10.6/MCU/ARM_GCC_Support/ewl/lib/armv6-m\libc.a(memcpy.o)
 .debug_info    0x00003eb5      0x10b C:/Freescale/CW MCU v10.6/MCU/ARM_GCC_Support/ewl/lib/armv6-m\libc.a(strchr.o)
 .debug_info    0x00003fc0       0xea C:/Freescale/CW MCU v10.6/MCU/ARM_GCC_Support/ewl/lib/armv6-m\libc.a(strlen.o)
 .debug_info    0x000040aa      0x136 C:/Freescale/CW MCU v10.6/MCU/ARM_GCC_Support/ewl/lib/armv6-m\librt.a(gcc_ctor_dtor.o)
 .debug_info    0x000041e0      0x19b C:/Freescale/CW MCU v10.6/MCU/ARM_GCC_Support/ewl/lib/armv6-m\librt.a(ROMCopy.o)
 .debug_info    0x0000437b      0x2b9 C:/Freescale/CW MCU v10.6/MCU/ARM_GCC_Support/ewl/lib/armv6-m\librt.a(__arm_eabi_init.o)

.debug_abbrev   0x00000000     0x182a
 .debug_abbrev  0x00000000       0xa3 ./Generated_Code/WAIT1.o
 .debug_abbrev  0x000000a3       0xa3 ./Generated_Code/Vectors.o
 .debug_abbrev  0x00000146      0x17e ./Generated_Code/TU1.o
 .debug_abbrev  0x000002c4      0x114 ./Generated_Code/PwmLdd1.o
 .debug_abbrev  0x000003d8       0x85 ./Generated_Code/PTA.o
 .debug_abbrev  0x0000045d      0x102 ./Generated_Code/PE_LDD.o
 .debug_abbrev  0x0000055f      0x122 ./Generated_Code/Cpu.o
 .debug_abbrev  0x00000681      0x105 ./Generated_Code/Bit1.o
 .debug_abbrev  0x00000786      0x1a6 ./Generated_Code/AdcLdd1.o
 .debug_abbrev  0x0000092c      0x123 ./Generated_Code/AD1.o
 .debug_abbrev  0x00000a4f       0x92 ./Project_Settings/Startup_Code/__arm_start.o
 .debug_abbrev  0x00000ae1       0x4c ./Project_Settings/Startup_Code/__arm_end.o
 .debug_abbrev  0x00000b2d       0x92 ./Sources/main.o
 .debug_abbrev  0x00000bbf       0x3d ./Sources/Events.o
 .debug_abbrev  0x00000bfc       0x7a C:/Freescale/CW MCU v10.6/MCU/ARM_GCC_Support/ewl/lib/armv6-m\libc.a(exit.o)
 .debug_abbrev  0x00000c76       0x62 C:/Freescale/CW MCU v10.6/MCU/ARM_GCC_Support/ewl/lib/armv6-m\libc.a(memset.o)
 .debug_abbrev  0x00000cd8      0x200 C:/Freescale/CW MCU v10.6/MCU/ARM_GCC_Support/ewl/lib/armv6-m\libc.a(printformat_.o)
 .debug_abbrev  0x00000ed8      0x1f0 C:/Freescale/CW MCU v10.6/MCU/ARM_GCC_Support/ewl/lib/armv6-m\libc.a(scanformat_.o)
 .debug_abbrev  0x000010c8       0x9e C:/Freescale/CW MCU v10.6/MCU/ARM_GCC_Support/ewl/lib/armv6-m\libc.a(ctype_aeabi.o)
 .debug_abbrev  0x00001166       0xc2 C:/Freescale/CW MCU v10.6/MCU/ARM_GCC_Support/ewl/lib/armv6-m\libc.a(__strtoul.o)
 .debug_abbrev  0x00001228       0x78 C:/Freescale/CW MCU v10.6/MCU/ARM_GCC_Support/ewl/lib/armv6-m\libc.a(__filll_mem.o)
 .debug_abbrev  0x000012a0       0x95 C:/Freescale/CW MCU v10.6/MCU/ARM_GCC_Support/ewl/lib/armv6-m\libc.a(memchr.o)
 .debug_abbrev  0x00001335       0x95 C:/Freescale/CW MCU v10.6/MCU/ARM_GCC_Support/ewl/lib/armv6-m\libc.a(memcpy.o)
 .debug_abbrev  0x000013ca       0x7a C:/Freescale/CW MCU v10.6/MCU/ARM_GCC_Support/ewl/lib/armv6-m\libc.a(strchr.o)
 .debug_abbrev  0x00001444       0x7a C:/Freescale/CW MCU v10.6/MCU/ARM_GCC_Support/ewl/lib/armv6-m\libc.a(strlen.o)
 .debug_abbrev  0x000014be       0x99 C:/Freescale/CW MCU v10.6/MCU/ARM_GCC_Support/ewl/lib/armv6-m\librt.a(gcc_ctor_dtor.o)
 .debug_abbrev  0x00001557      0x120 C:/Freescale/CW MCU v10.6/MCU/ARM_GCC_Support/ewl/lib/armv6-m\librt.a(ROMCopy.o)
 .debug_abbrev  0x00001677      0x1b3 C:/Freescale/CW MCU v10.6/MCU/ARM_GCC_Support/ewl/lib/armv6-m\librt.a(__arm_eabi_init.o)

.debug_loc      0x00000000     0x3033
 .debug_loc     0x00000000       0xa8 ./Generated_Code/WAIT1.o
 .debug_loc     0x000000a8      0x150 ./Generated_Code/TU1.o
 .debug_loc     0x000001f8      0x118 ./Generated_Code/PwmLdd1.o
 .debug_loc     0x00000310       0x2c ./Generated_Code/PTA.o
 .debug_loc     0x0000033c       0x9c ./Generated_Code/PE_LDD.o
 .debug_loc     0x000003d8       0xb0 ./Generated_Code/Cpu.o
 .debug_loc     0x00000488       0x70 ./Generated_Code/Bit1.o
 .debug_loc     0x000004f8      0x1f8 ./Generated_Code/AdcLdd1.o
 .debug_loc     0x000006f0      0x138 ./Generated_Code/AD1.o
 .debug_loc     0x00000828       0x2c ./Project_Settings/Startup_Code/__arm_start.o
 .debug_loc     0x00000854       0x38 ./Project_Settings/Startup_Code/__arm_end.o
 .debug_loc     0x0000088c       0x38 ./Sources/main.o
 .debug_loc     0x000008c4       0x84 ./Sources/Events.o
 .debug_loc     0x00000948       0x3e C:/Freescale/CW MCU v10.6/MCU/ARM_GCC_Support/ewl/lib/armv6-m\libc.a(exit.o)
 .debug_loc     0x00000986       0x6f C:/Freescale/CW MCU v10.6/MCU/ARM_GCC_Support/ewl/lib/armv6-m\libc.a(memset.o)
 .debug_loc     0x000009f5     0x104b C:/Freescale/CW MCU v10.6/MCU/ARM_GCC_Support/ewl/lib/armv6-m\libc.a(printformat_.o)
 .debug_loc     0x00001a40      0x9d8 C:/Freescale/CW MCU v10.6/MCU/ARM_GCC_Support/ewl/lib/armv6-m\libc.a(scanformat_.o)
 .debug_loc     0x00002418      0x30d C:/Freescale/CW MCU v10.6/MCU/ARM_GCC_Support/ewl/lib/armv6-m\libc.a(ctype_aeabi.o)
 .debug_loc     0x00002725      0x305 C:/Freescale/CW MCU v10.6/MCU/ARM_GCC_Support/ewl/lib/armv6-m\libc.a(__strtoul.o)
 .debug_loc     0x00002a2a      0x14a C:/Freescale/CW MCU v10.6/MCU/ARM_GCC_Support/ewl/lib/armv6-m\libc.a(__filll_mem.o)
 .debug_loc     0x00002b74       0x77 C:/Freescale/CW MCU v10.6/MCU/ARM_GCC_Support/ewl/lib/armv6-m\libc.a(memchr.o)
 .debug_loc     0x00002beb       0x59 C:/Freescale/CW MCU v10.6/MCU/ARM_GCC_Support/ewl/lib/armv6-m\libc.a(memcpy.o)
 .debug_loc     0x00002c44       0xaf C:/Freescale/CW MCU v10.6/MCU/ARM_GCC_Support/ewl/lib/armv6-m\libc.a(strchr.o)
 .debug_loc     0x00002cf3       0x33 C:/Freescale/CW MCU v10.6/MCU/ARM_GCC_Support/ewl/lib/armv6-m\libc.a(strlen.o)
 .debug_loc     0x00002d26       0x9d C:/Freescale/CW MCU v10.6/MCU/ARM_GCC_Support/ewl/lib/armv6-m\librt.a(gcc_ctor_dtor.o)
 .debug_loc     0x00002dc3       0xd9 C:/Freescale/CW MCU v10.6/MCU/ARM_GCC_Support/ewl/lib/armv6-m\librt.a(ROMCopy.o)
 .debug_loc     0x00002e9c      0x197 C:/Freescale/CW MCU v10.6/MCU/ARM_GCC_Support/ewl/lib/armv6-m\librt.a(__arm_eabi_init.o)

.debug_aranges  0x00000000      0x558
 .debug_aranges
                0x00000000       0x40 ./Generated_Code/WAIT1.o
 .debug_aranges
                0x00000040       0x18 ./Generated_Code/Vectors.o
 .debug_aranges
                0x00000058       0x48 ./Generated_Code/TU1.o
 .debug_aranges
                0x000000a0       0x40 ./Generated_Code/PwmLdd1.o
 .debug_aranges
                0x000000e0       0x20 ./Generated_Code/PTA.o
 .debug_aranges
                0x00000100       0x30 ./Generated_Code/PE_LDD.o
 .debug_aranges
                0x00000130       0x38 ./Generated_Code/Cpu.o
 .debug_aranges
                0x00000168       0x28 ./Generated_Code/Bit1.o
 .debug_aranges
                0x00000190       0x60 ./Generated_Code/AdcLdd1.o
 .debug_aranges
                0x000001f0       0x48 ./Generated_Code/AD1.o
 .debug_aranges
                0x00000238       0x30 ./Project_Settings/Startup_Code/__arm_start.o
 .debug_aranges
                0x00000268       0x20 ./Project_Settings/Startup_Code/__arm_end.o
 .debug_aranges
                0x00000288       0x20 ./Sources/main.o
 .debug_aranges
                0x000002a8       0x30 ./Sources/Events.o
 .debug_aranges
                0x000002d8       0x20 C:/Freescale/CW MCU v10.6/MCU/ARM_GCC_Support/ewl/lib/armv6-m\libc.a(exit.o)
 .debug_aranges
                0x000002f8       0x20 C:/Freescale/CW MCU v10.6/MCU/ARM_GCC_Support/ewl/lib/armv6-m\libc.a(memset.o)
 .debug_aranges
                0x00000318       0x28 C:/Freescale/CW MCU v10.6/MCU/ARM_GCC_Support/ewl/lib/armv6-m\libc.a(printformat_.o)
 .debug_aranges
                0x00000340       0x20 C:/Freescale/CW MCU v10.6/MCU/ARM_GCC_Support/ewl/lib/armv6-m\libc.a(scanformat_.o)
 .debug_aranges
                0x00000360       0x88 C:/Freescale/CW MCU v10.6/MCU/ARM_GCC_Support/ewl/lib/armv6-m\libc.a(ctype_aeabi.o)
 .debug_aranges
                0x000003e8       0x20 C:/Freescale/CW MCU v10.6/MCU/ARM_GCC_Support/ewl/lib/armv6-m\libc.a(__strtoul.o)
 .debug_aranges
                0x00000408       0x20 C:/Freescale/CW MCU v10.6/MCU/ARM_GCC_Support/ewl/lib/armv6-m\libc.a(__filll_mem.o)
 .debug_aranges
                0x00000428       0x20 C:/Freescale/CW MCU v10.6/MCU/ARM_GCC_Support/ewl/lib/armv6-m\libc.a(memchr.o)
 .debug_aranges
                0x00000448       0x20 C:/Freescale/CW MCU v10.6/MCU/ARM_GCC_Support/ewl/lib/armv6-m\libc.a(memcpy.o)
 .debug_aranges
                0x00000468       0x20 C:/Freescale/CW MCU v10.6/MCU/ARM_GCC_Support/ewl/lib/armv6-m\libc.a(strchr.o)
 .debug_aranges
                0x00000488       0x20 C:/Freescale/CW MCU v10.6/MCU/ARM_GCC_Support/ewl/lib/armv6-m\libc.a(strlen.o)
 .debug_aranges
                0x000004a8       0x28 C:/Freescale/CW MCU v10.6/MCU/ARM_GCC_Support/ewl/lib/armv6-m\librt.a(gcc_ctor_dtor.o)
 .debug_aranges
                0x000004d0       0x30 C:/Freescale/CW MCU v10.6/MCU/ARM_GCC_Support/ewl/lib/armv6-m\librt.a(ROMCopy.o)
 .debug_aranges
                0x00000500       0x58 C:/Freescale/CW MCU v10.6/MCU/ARM_GCC_Support/ewl/lib/armv6-m\librt.a(__arm_eabi_init.o)

.debug_macinfo  0x00000000   0x269c9e
 .debug_macinfo
                0x00000000    0x2e38a ./Generated_Code/WAIT1.o
 .debug_macinfo
                0x0002e38a    0x361e2 ./Generated_Code/Vectors.o
 .debug_macinfo
                0x0006456c    0x2febf ./Generated_Code/TU1.o
 .debug_macinfo
                0x0009442b    0x2ffed ./Generated_Code/PwmLdd1.o
 .debug_macinfo
                0x000c4418    0x2dd2c ./Generated_Code/PTA.o
 .debug_macinfo
                0x000f2144    0x361ae ./Generated_Code/PE_LDD.o
 .debug_macinfo
                0x001282f2    0x361e2 ./Generated_Code/Cpu.o
 .debug_macinfo
                0x0015e4d4    0x2ebf6 ./Generated_Code/Bit1.o
 .debug_macinfo
                0x0018d0ca    0x3332f ./Generated_Code/AdcLdd1.o
 .debug_macinfo
                0x001c03f9    0x36225 ./Generated_Code/AD1.o
 .debug_macinfo
                0x001f661e     0x3e6d ./Project_Settings/Startup_Code/__arm_start.o
 .debug_macinfo
                0x001fa48b     0x3456 ./Project_Settings/Startup_Code/__arm_end.o
 .debug_macinfo
                0x001fd8e1    0x361eb ./Sources/main.o
 .debug_macinfo
                0x00233acc    0x361d2 ./Sources/Events.o

.debug_line     0x00000000     0x3b29
 .debug_line    0x00000000      0x2a2 ./Generated_Code/WAIT1.o
 .debug_line    0x000002a2      0x409 ./Generated_Code/Vectors.o
 .debug_line    0x000006ab      0x31c ./Generated_Code/TU1.o
 .debug_line    0x000009c7      0x2ee ./Generated_Code/PwmLdd1.o
 .debug_line    0x00000cb5      0x216 ./Generated_Code/PTA.o
 .debug_line    0x00000ecb      0x342 ./Generated_Code/PE_LDD.o
 .debug_line    0x0000120d      0x473 ./Generated_Code/Cpu.o
 .debug_line    0x00001680      0x28f ./Generated_Code/Bit1.o
 .debug_line    0x0000190f      0x366 ./Generated_Code/AdcLdd1.o
 .debug_line    0x00001c75      0x40d ./Generated_Code/AD1.o
 .debug_line    0x00002082      0x29c ./Project_Settings/Startup_Code/__arm_start.o
 .debug_line    0x0000231e      0x266 ./Project_Settings/Startup_Code/__arm_end.o
 .debug_line    0x00002584      0x35f ./Sources/main.o
 .debug_line    0x000028e3      0x36a ./Sources/Events.o
 .debug_line    0x00002c4d       0x8d C:/Freescale/CW MCU v10.6/MCU/ARM_GCC_Support/ewl/lib/armv6-m\libc.a(exit.o)
 .debug_line    0x00002cda       0x90 C:/Freescale/CW MCU v10.6/MCU/ARM_GCC_Support/ewl/lib/armv6-m\libc.a(memset.o)
 .debug_line    0x00002d6a      0x2c3 C:/Freescale/CW MCU v10.6/MCU/ARM_GCC_Support/ewl/lib/armv6-m\libc.a(printformat_.o)
 .debug_line    0x0000302d      0x2be C:/Freescale/CW MCU v10.6/MCU/ARM_GCC_Support/ewl/lib/armv6-m\libc.a(scanformat_.o)
 .debug_line    0x000032eb      0x1be C:/Freescale/CW MCU v10.6/MCU/ARM_GCC_Support/ewl/lib/armv6-m\libc.a(ctype_aeabi.o)
 .debug_line    0x000034a9      0x11e C:/Freescale/CW MCU v10.6/MCU/ARM_GCC_Support/ewl/lib/armv6-m\libc.a(__strtoul.o)
 .debug_line    0x000035c7       0xf6 C:/Freescale/CW MCU v10.6/MCU/ARM_GCC_Support/ewl/lib/armv6-m\libc.a(__filll_mem.o)
 .debug_line    0x000036bd       0x9f C:/Freescale/CW MCU v10.6/MCU/ARM_GCC_Support/ewl/lib/armv6-m\libc.a(memchr.o)
 .debug_line    0x0000375c       0x8b C:/Freescale/CW MCU v10.6/MCU/ARM_GCC_Support/ewl/lib/armv6-m\libc.a(memcpy.o)
 .debug_line    0x000037e7       0x7d C:/Freescale/CW MCU v10.6/MCU/ARM_GCC_Support/ewl/lib/armv6-m\libc.a(strchr.o)
 .debug_line    0x00003864       0x85 C:/Freescale/CW MCU v10.6/MCU/ARM_GCC_Support/ewl/lib/armv6-m\libc.a(strlen.o)
 .debug_line    0x000038e9       0x6c C:/Freescale/CW MCU v10.6/MCU/ARM_GCC_Support/ewl/lib/armv6-m\librt.a(gcc_ctor_dtor.o)
 .debug_line    0x00003955       0xbd C:/Freescale/CW MCU v10.6/MCU/ARM_GCC_Support/ewl/lib/armv6-m\librt.a(ROMCopy.o)
 .debug_line    0x00003a12      0x117 C:/Freescale/CW MCU v10.6/MCU/ARM_GCC_Support/ewl/lib/armv6-m\librt.a(__arm_eabi_init.o)

.debug_str      0x00000000     0x1653
 .debug_str     0x00000000      0x173 ./Generated_Code/WAIT1.o
                                0x1a5 (size before relaxing)
 .debug_str     0x00000173       0x55 ./Generated_Code/Vectors.o
                                0x16d (size before relaxing)
 .debug_str     0x000001c8      0x31d ./Generated_Code/TU1.o
                                0x452 (size before relaxing)
 .debug_str     0x000004e5       0xd4 ./Generated_Code/PwmLdd1.o
                                0x284 (size before relaxing)
 .debug_str     0x000005b9       0x3f ./Generated_Code/PTA.o
                                0x172 (size before relaxing)
 .debug_str     0x000005f8      0x172 ./Generated_Code/PE_LDD.o
                                0x2d0 (size before relaxing)
 .debug_str     0x0000076a      0x1bb ./Generated_Code/Cpu.o
                                0x41c (size before relaxing)
 .debug_str     0x00000925       0x7a ./Generated_Code/Bit1.o
                                0x28d (size before relaxing)
 .debug_str     0x0000099f      0x251 ./Generated_Code/AdcLdd1.o
                                0x593 (size before relaxing)
 .debug_str     0x00000bf0       0xb9 ./Generated_Code/AD1.o
                                0x237 (size before relaxing)
 .debug_str     0x00000ca9       0x85 ./Project_Settings/Startup_Code/__arm_start.o
                                0x19b (size before relaxing)
 .debug_str     0x00000d2e       0x41 ./Project_Settings/Startup_Code/__arm_end.o
                                 0xd2 (size before relaxing)
 .debug_str     0x00000d6f       0x26 ./Sources/main.o
                                0x168 (size before relaxing)
 .debug_str     0x00000d95       0x40 ./Sources/Events.o
                                0x14f (size before relaxing)
 .debug_str     0x00000dd5       0x54 C:/Freescale/CW MCU v10.6/MCU/ARM_GCC_Support/ewl/lib/armv6-m\libc.a(exit.o)
                                0x157 (size before relaxing)
 .debug_str     0x00000e29       0x23 C:/Freescale/CW MCU v10.6/MCU/ARM_GCC_Support/ewl/lib/armv6-m\libc.a(memset.o)
                                0x140 (size before relaxing)
 .debug_str     0x00000e4c      0x23b C:/Freescale/CW MCU v10.6/MCU/ARM_GCC_Support/ewl/lib/armv6-m\libc.a(printformat_.o)
                                0x3b3 (size before relaxing)
 .debug_str     0x00001087      0x184 C:/Freescale/CW MCU v10.6/MCU/ARM_GCC_Support/ewl/lib/armv6-m\libc.a(scanformat_.o)
                                0x3f9 (size before relaxing)
 .debug_str     0x0000120b       0x9d C:/Freescale/CW MCU v10.6/MCU/ARM_GCC_Support/ewl/lib/armv6-m\libc.a(ctype_aeabi.o)
                                0x1bc (size before relaxing)
 .debug_str     0x000012a8       0x61 C:/Freescale/CW MCU v10.6/MCU/ARM_GCC_Support/ewl/lib/armv6-m\libc.a(__strtoul.o)
                                0x1fb (size before relaxing)
 .debug_str     0x00001309       0x25 C:/Freescale/CW MCU v10.6/MCU/ARM_GCC_Support/ewl/lib/armv6-m\libc.a(__filll_mem.o)
                                0x152 (size before relaxing)
 .debug_str     0x0000132e       0x1c C:/Freescale/CW MCU v10.6/MCU/ARM_GCC_Support/ewl/lib/armv6-m\libc.a(memchr.o)
                                0x148 (size before relaxing)
 .debug_str     0x0000134a       0x1c C:/Freescale/CW MCU v10.6/MCU/ARM_GCC_Support/ewl/lib/armv6-m\libc.a(memcpy.o)
                                0x138 (size before relaxing)
 .debug_str     0x00001366       0x1c C:/Freescale/CW MCU v10.6/MCU/ARM_GCC_Support/ewl/lib/armv6-m\libc.a(strchr.o)
                                0x137 (size before relaxing)
 .debug_str     0x00001382       0x1c C:/Freescale/CW MCU v10.6/MCU/ARM_GCC_Support/ewl/lib/armv6-m\libc.a(strlen.o)
                                0x140 (size before relaxing)
 .debug_str     0x0000139e      0x126 C:/Freescale/CW MCU v10.6/MCU/ARM_GCC_Support/ewl/lib/armv6-m\librt.a(gcc_ctor_dtor.o)
                                0x181 (size before relaxing)
 .debug_str     0x000014c4       0xa1 C:/Freescale/CW MCU v10.6/MCU/ARM_GCC_Support/ewl/lib/armv6-m\librt.a(ROMCopy.o)
                                0x13c (size before relaxing)
 .debug_str     0x00001565       0xee C:/Freescale/CW MCU v10.6/MCU/ARM_GCC_Support/ewl/lib/armv6-m\librt.a(__arm_eabi_init.o)
                                0x1b5 (size before relaxing)

.comment        0x00000000       0x79
 .comment       0x00000000       0x79 ./Generated_Code/WAIT1.o
                                 0x7a (size before relaxing)
 .comment       0x00000000       0x7a ./Generated_Code/Vectors.o
 .comment       0x00000000       0x7a ./Generated_Code/TU1.o
 .comment       0x00000000       0x7a ./Generated_Code/PwmLdd1.o
 .comment       0x00000000       0x7a ./Generated_Code/PTA.o
 .comment       0x00000000       0x7a ./Generated_Code/PE_LDD.o
 .comment       0x00000000       0x7a ./Generated_Code/Cpu.o
 .comment       0x00000000       0x7a ./Generated_Code/Bit1.o
 .comment       0x00000000       0x7a ./Generated_Code/AdcLdd1.o
 .comment       0x00000000       0x7a ./Generated_Code/AD1.o
 .comment       0x00000000       0x7a ./Project_Settings/Startup_Code/__arm_start.o
 .comment       0x00000000       0x7a ./Project_Settings/Startup_Code/__arm_end.o
 .comment       0x00000000       0x7a ./Sources/main.o
 .comment       0x00000000       0x7a ./Sources/Events.o
 .comment       0x00000000       0x7a C:/Freescale/CW MCU v10.6/MCU/ARM_GCC_Support/ewl/lib/armv6-m\libc.a(exit.o)
 .comment       0x00000000       0x7a C:/Freescale/CW MCU v10.6/MCU/ARM_GCC_Support/ewl/lib/armv6-m\libc.a(memset.o)
 .comment       0x00000000       0x7a C:/Freescale/CW MCU v10.6/MCU/ARM_GCC_Support/ewl/lib/armv6-m\libc.a(printformat_.o)
 .comment       0x00000000       0x7a C:/Freescale/CW MCU v10.6/MCU/ARM_GCC_Support/ewl/lib/armv6-m\libc.a(scanformat_.o)
 .comment       0x00000000       0x7a C:/Freescale/CW MCU v10.6/MCU/ARM_GCC_Support/ewl/lib/armv6-m\libc.a(ctype_aeabi.o)
 .comment       0x00000000       0x7a C:/Freescale/CW MCU v10.6/MCU/ARM_GCC_Support/ewl/lib/armv6-m\libc.a(__strtoul.o)
 .comment       0x00000000       0x7a C:/Freescale/CW MCU v10.6/MCU/ARM_GCC_Support/ewl/lib/armv6-m\libc.a(__filll_mem.o)
 .comment       0x00000000       0x7a C:/Freescale/CW MCU v10.6/MCU/ARM_GCC_Support/ewl/lib/armv6-m\libc.a(memchr.o)
 .comment       0x00000000       0x7a C:/Freescale/CW MCU v10.6/MCU/ARM_GCC_Support/ewl/lib/armv6-m\libc.a(memcpy.o)
 .comment       0x00000000       0x7a C:/Freescale/CW MCU v10.6/MCU/ARM_GCC_Support/ewl/lib/armv6-m\libc.a(strchr.o)
 .comment       0x00000000       0x7a C:/Freescale/CW MCU v10.6/MCU/ARM_GCC_Support/ewl/lib/armv6-m\libc.a(strlen.o)
 .comment       0x00000000       0x7a C:/Freescale/CW MCU v10.6/MCU/ARM_GCC_Support/ewl/lib/armv6-m\librt.a(gcc_ctor_dtor.o)
 .comment       0x00000000       0x7a C:/Freescale/CW MCU v10.6/MCU/ARM_GCC_Support/ewl/lib/armv6-m\librt.a(ROMCopy.o)
 .comment       0x00000000       0x7a C:/Freescale/CW MCU v10.6/MCU/ARM_GCC_Support/ewl/lib/armv6-m\librt.a(__arm_eabi_init.o)

.debug_frame    0x00000000      0xb20
 .debug_frame   0x00000000       0x90 ./Generated_Code/WAIT1.o
 .debug_frame   0x00000090       0xd0 ./Generated_Code/TU1.o
 .debug_frame   0x00000160       0xb0 ./Generated_Code/PwmLdd1.o
 .debug_frame   0x00000210       0x2c ./Generated_Code/PTA.o
 .debug_frame   0x0000023c       0x6c ./Generated_Code/PE_LDD.o
 .debug_frame   0x000002a8       0x80 ./Generated_Code/Cpu.o
 .debug_frame   0x00000328       0x50 ./Generated_Code/Bit1.o
 .debug_frame   0x00000378      0x130 ./Generated_Code/AdcLdd1.o
 .debug_frame   0x000004a8       0xc8 ./Generated_Code/AD1.o
 .debug_frame   0x00000570       0x4c ./Project_Settings/Startup_Code/__arm_start.o
 .debug_frame   0x000005bc       0x30 ./Project_Settings/Startup_Code/__arm_end.o
 .debug_frame   0x000005ec       0x30 ./Sources/main.o
 .debug_frame   0x0000061c       0x64 ./Sources/Events.o
 .debug_frame   0x00000680       0x2c C:/Freescale/CW MCU v10.6/MCU/ARM_GCC_Support/ewl/lib/armv6-m\libc.a(exit.o)
 .debug_frame   0x000006ac       0x28 C:/Freescale/CW MCU v10.6/MCU/ARM_GCC_Support/ewl/lib/armv6-m\libc.a(memset.o)
 .debug_frame   0x000006d4       0x54 C:/Freescale/CW MCU v10.6/MCU/ARM_GCC_Support/ewl/lib/armv6-m\libc.a(printformat_.o)
 .debug_frame   0x00000728       0x34 C:/Freescale/CW MCU v10.6/MCU/ARM_GCC_Support/ewl/lib/armv6-m\libc.a(scanformat_.o)
 .debug_frame   0x0000075c      0x158 C:/Freescale/CW MCU v10.6/MCU/ARM_GCC_Support/ewl/lib/armv6-m\libc.a(ctype_aeabi.o)
 .debug_frame   0x000008b4       0x30 C:/Freescale/CW MCU v10.6/MCU/ARM_GCC_Support/ewl/lib/armv6-m\libc.a(__strtoul.o)
 .debug_frame   0x000008e4       0x2c C:/Freescale/CW MCU v10.6/MCU/ARM_GCC_Support/ewl/lib/armv6-m\libc.a(__filll_mem.o)
 .debug_frame   0x00000910       0x28 C:/Freescale/CW MCU v10.6/MCU/ARM_GCC_Support/ewl/lib/armv6-m\libc.a(memchr.o)
 .debug_frame   0x00000938       0x28 C:/Freescale/CW MCU v10.6/MCU/ARM_GCC_Support/ewl/lib/armv6-m\libc.a(memcpy.o)
 .debug_frame   0x00000960       0x28 C:/Freescale/CW MCU v10.6/MCU/ARM_GCC_Support/ewl/lib/armv6-m\libc.a(strchr.o)
 .debug_frame   0x00000988       0x28 C:/Freescale/CW MCU v10.6/MCU/ARM_GCC_Support/ewl/lib/armv6-m\libc.a(strlen.o)
 .debug_frame   0x000009b0       0x20 c:/freescale/cw mcu v10.6/cross_tools/arm-none-eabi-gcc-4_7_3/bin/../lib/gcc/arm-none-eabi/4.7.3/armv6-m\libgcc.a(_udivsi3.o)
 .debug_frame   0x000009d0       0x40 C:/Freescale/CW MCU v10.6/MCU/ARM_GCC_Support/ewl/lib/armv6-m\librt.a(gcc_ctor_dtor.o)
 .debug_frame   0x00000a10       0x54 C:/Freescale/CW MCU v10.6/MCU/ARM_GCC_Support/ewl/lib/armv6-m\librt.a(ROMCopy.o)
 .debug_frame   0x00000a64       0xbc C:/Freescale/CW MCU v10.6/MCU/ARM_GCC_Support/ewl/lib/armv6-m\librt.a(__arm_eabi_init.o)
